00:01:58.499 [SpringApplicationShutdownHook] INFO  o.s.o.j.LocalContainerEntityManagerFactoryBean [org.springframework.orm.jpa.AbstractEntityManagerFactoryBean] [destroy] [650] Closing JPA EntityManagerFactory for persistence unit 'default' 
00:01:58.542 [SpringApplicationShutdownHook] INFO  com.zaxxer.hikari.HikariDataSource [com.zaxxer.hikari.HikariDataSource] [close] [349] HikariPool-1 - Shutdown initiated... 
00:01:58.558 [SpringApplicationShutdownHook] INFO  com.zaxxer.hikari.HikariDataSource [com.zaxxer.hikari.HikariDataSource] [close] [351] HikariPool-1 - Shutdown completed. 
00:02:01.079 [main] INFO  org.delivery.api.ApiApplicationKt [org.springframework.boot.StartupInfoLogger] [logStarting] [50] Starting ApiApplicationKt using Java 21.0.2 with PID 8843 (/Users/seole/IdeaProjects/service/api/build/classes/kotlin/main started by seole in /Users/seole/IdeaProjects/service) 
00:02:01.080 [main] INFO  org.delivery.api.ApiApplicationKt [org.springframework.boot.SpringApplication] [logStartupProfileInfo] [654] No active profile set, falling back to 1 default profile: "default" 
00:02:01.386 [main] INFO  o.s.d.r.c.RepositoryConfigurationDelegate [org.springframework.data.repository.config.RepositoryConfigurationDelegate] [registerRepositoriesIn] [143] Bootstrapping Spring Data JPA repositories in DEFAULT mode. 
00:02:01.414 [main] INFO  o.s.d.r.c.RepositoryConfigurationDelegate [org.springframework.data.repository.config.RepositoryConfigurationDelegate] [registerRepositoriesIn] [211] Finished Spring Data repository scanning in 25 ms. Found 6 JPA repository interfaces. 
00:02:01.901 [main] INFO  o.s.b.w.e.tomcat.TomcatWebServer [org.springframework.boot.web.embedded.tomcat.TomcatWebServer] [initialize] [111] Tomcat initialized with port 8080 (http) 
00:02:01.905 [main] INFO  o.a.coyote.http11.Http11NioProtocol [org.apache.juli.logging.DirectJDKLog] [log] [173] Initializing ProtocolHandler ["http-nio-8080"] 
00:02:01.906 [main] INFO  o.a.catalina.core.StandardService [org.apache.juli.logging.DirectJDKLog] [log] [173] Starting service [Tomcat] 
00:02:01.906 [main] INFO  o.a.catalina.core.StandardEngine [org.apache.juli.logging.DirectJDKLog] [log] [173] Starting Servlet engine: [Apache Tomcat/10.1.24] 
00:02:01.924 [main] INFO  o.a.c.c.C.[Tomcat].[localhost].[/] [org.apache.juli.logging.DirectJDKLog] [log] [173] Initializing Spring embedded WebApplicationContext 
00:02:01.924 [main] INFO  o.s.b.w.s.c.ServletWebServerApplicationContext [org.springframework.boot.web.servlet.context.ServletWebServerApplicationContext] [prepareWebApplicationContext] [296] Root WebApplicationContext: initialization completed in 827 ms 
00:02:02.043 [main] INFO  o.h.jpa.internal.util.LogHelper [org.hibernate.jpa.internal.util.LogHelper] [logPersistenceUnitInformation] [31] HHH000204: Processing PersistenceUnitInfo [name: default] 
00:02:02.066 [main] INFO  org.hibernate.Version [org.hibernate.Version] [logVersion] [44] HHH000412: Hibernate ORM core version 6.5.2.Final 
00:02:02.078 [main] INFO  o.h.c.i.RegionFactoryInitiator [org.hibernate.cache.internal.RegionFactoryInitiator] [initiateService] [50] HHH000026: Second-level cache disabled 
00:02:02.200 [main] INFO  o.s.o.j.p.SpringPersistenceUnitInfo [org.springframework.orm.jpa.persistenceunit.SpringPersistenceUnitInfo] [addTransformer] [87] No LoadTimeWeaver setup: ignoring JPA class transformer 
00:02:02.211 [main] INFO  com.zaxxer.hikari.HikariDataSource [com.zaxxer.hikari.HikariDataSource] [getConnection] [109] HikariPool-1 - Starting... 
00:02:02.282 [main] INFO  com.zaxxer.hikari.pool.HikariPool [com.zaxxer.hikari.pool.HikariPool] [checkFailFast] [554] HikariPool-1 - Added connection com.mysql.cj.jdbc.ConnectionImpl@3810806c 
00:02:02.282 [main] INFO  com.zaxxer.hikari.HikariDataSource [com.zaxxer.hikari.HikariDataSource] [getConnection] [122] HikariPool-1 - Start completed. 
00:02:02.308 [main] WARN  org.hibernate.orm.deprecation [org.hibernate.engine.jdbc.dialect.internal.DialectFactoryImpl] [constructDialect] [153] HHH90000025: MySQL8Dialect does not need to be specified explicitly using 'hibernate.dialect' (remove the property setting and it will be selected by default) 
00:02:02.309 [main] WARN  org.hibernate.orm.deprecation [org.hibernate.engine.jdbc.dialect.internal.DialectFactoryImpl] [logSelectedDialect] [101] HHH90000026: MySQL8Dialect has been deprecated; use org.hibernate.dialect.MySQLDialect instead 
00:02:02.720 [main] INFO  o.h.e.t.j.p.i.JtaPlatformInitiator [org.hibernate.engine.transaction.jta.platform.internal.JtaPlatformInitiator] [initiateService] [59] HHH000489: No JTA platform available (set 'hibernate.transaction.jta.platform' to enable JTA platform integration) 
00:02:02.744 [main] INFO  o.s.o.j.LocalContainerEntityManagerFactoryBean [org.springframework.orm.jpa.AbstractEntityManagerFactoryBean] [buildNativeEntityManagerFactory] [437] Initialized JPA EntityManagerFactory for persistence unit 'default' 
00:02:03.124 [main] INFO  o.s.d.j.r.query.QueryEnhancerFactory [org.springframework.data.jpa.repository.query.QueryEnhancerFactory] [<clinit>] [49] Hibernate is in classpath; If applicable, HQL parser will be used. 
00:02:03.347 [main] WARN  o.s.b.a.o.j.JpaBaseConfiguration$JpaWebConfiguration [org.springframework.boot.autoconfigure.orm.jpa.JpaBaseConfiguration$JpaWebConfiguration] [openEntityManagerInViewInterceptor] [236] spring.jpa.open-in-view is enabled by default. Therefore, database queries may be performed during view rendering. Explicitly configure spring.jpa.open-in-view to disable this warning 
00:02:03.792 [main] WARN  o.s.b.a.s.s.UserDetailsServiceAutoConfiguration [org.springframework.boot.autoconfigure.security.servlet.UserDetailsServiceAutoConfiguration] [getOrDeducePassword] [86] 

Using generated security password: 00e51ede-492f-4f3a-9397-ed981442390d

This generated password is for development use only. Your security configuration must be updated before running your application in production.
 
00:02:03.798 [main] INFO  o.s.s.c.a.a.c.InitializeUserDetailsBeanManagerConfigurer$InitializeUserDetailsManagerConfigurer [org.springframework.security.config.annotation.authentication.configuration.InitializeUserDetailsBeanManagerConfigurer$InitializeUserDetailsManagerConfigurer] [configure] [113] Global AuthenticationManager configured with UserDetailsService bean with name inMemoryUserDetailsManager 
00:02:03.834 [main] INFO  o.s.b.a.e.web.EndpointLinksResolver [org.springframework.boot.actuate.endpoint.web.EndpointLinksResolver] [<init>] [60] Exposing 15 endpoints beneath base path '/actuator' 
00:02:03.853 [main] INFO  o.s.s.web.DefaultSecurityFilterChain [org.springframework.security.web.DefaultSecurityFilterChain] [<init>] [54] Will secure any request with [org.springframework.security.web.session.DisableEncodeUrlFilter@3284a02f, org.springframework.security.web.context.request.async.WebAsyncManagerIntegrationFilter@32f7b6a2, org.springframework.security.web.context.SecurityContextHolderFilter@1c17d98c, org.springframework.security.web.header.HeaderWriterFilter@28ef75c, org.springframework.web.filter.CorsFilter@5cb3bd9b, org.springframework.security.web.csrf.CsrfFilter@6e7da5f4, org.springframework.security.web.authentication.logout.LogoutFilter@c370bb5, org.springframework.security.web.authentication.UsernamePasswordAuthenticationFilter@731a1399, org.springframework.security.web.authentication.ui.DefaultLoginPageGeneratingFilter@24a1ccb, org.springframework.security.web.authentication.ui.DefaultLogoutPageGeneratingFilter@7e83251e, org.springframework.security.web.authentication.www.BasicAuthenticationFilter@7933293f, org.springframework.security.web.savedrequest.RequestCacheAwareFilter@30b69dd, org.springframework.security.web.servletapi.SecurityContextHolderAwareRequestFilter@62f4ae5a, org.springframework.security.web.authentication.AnonymousAuthenticationFilter@69917739, org.springframework.security.web.access.ExceptionTranslationFilter@3f6aaa7, org.springframework.security.web.access.intercept.AuthorizationFilter@388555bd] 
00:02:03.917 [main] INFO  o.a.coyote.http11.Http11NioProtocol [org.apache.juli.logging.DirectJDKLog] [log] [173] Starting ProtocolHandler ["http-nio-8080"] 
00:02:03.923 [main] INFO  o.s.b.w.e.tomcat.TomcatWebServer [org.springframework.boot.web.embedded.tomcat.TomcatWebServer] [start] [243] Tomcat started on port 8080 (http) with context path '/' 
00:02:03.930 [main] INFO  org.delivery.api.ApiApplicationKt [org.springframework.boot.StartupInfoLogger] [logStarted] [56] Started ApiApplicationKt in 3.112 seconds (process running for 3.385) 
00:02:03.997 [registrationTask1] INFO  d.c.b.a.c.r.ApplicationRegistrator [de.codecentric.boot.admin.client.registration.DefaultApplicationRegistrator] [register] [82] Application registered itself as a973ff14be49 
00:02:04.373 [RMI TCP Connection(2)-127.0.0.1] INFO  o.a.c.c.C.[Tomcat].[localhost].[/] [org.apache.juli.logging.DirectJDKLog] [log] [173] Initializing Spring DispatcherServlet 'dispatcherServlet' 
00:02:04.373 [RMI TCP Connection(2)-127.0.0.1] INFO  o.s.web.servlet.DispatcherServlet [org.springframework.web.servlet.FrameworkServlet] [initServletBean] [532] Initializing Servlet 'dispatcherServlet' 
00:02:04.374 [RMI TCP Connection(3)-127.0.0.1] INFO  o.s.a.r.c.CachingConnectionFactory [org.springframework.amqp.rabbit.connection.AbstractConnectionFactory] [connectAddresses] [666] Attempting to connect to: [localhost:5672] 
00:02:04.374 [RMI TCP Connection(2)-127.0.0.1] INFO  o.s.web.servlet.DispatcherServlet [org.springframework.web.servlet.FrameworkServlet] [initServletBean] [554] Completed initialization in 1 ms 
00:02:04.412 [AMQP Connection 127.0.0.1:5672] WARN  c.r.c.impl.ForgivingExceptionHandler [com.rabbitmq.client.impl.ForgivingExceptionHandler] [log] [115] An unexpected connection driver error occurred (Exception message: Connection reset) 
00:02:04.428 [RMI TCP Connection(3)-127.0.0.1] INFO  o.s.a.r.c.CachingConnectionFactory [org.springframework.amqp.rabbit.connection.AbstractConnectionFactory] [createBareConnection] [608] Created new connection: rabbitConnectionFactory#4ff1b0d:0/SimpleConnection@58c70e14 [delegate=amqp://admin@0:0:0:0:0:0:0:1:5672/, localPort=64267] 
00:09:16.876 [http-nio-8080-exec-1] INFO  o.delivery.api.filter.LoggerFilter [org.delivery.api.filter.LoggerFilter] [doFilter] [25] INIT URI : /actuator/health 
00:09:16.899 [http-nio-8080-exec-1] INFO  o.delivery.api.filter.LoggerFilter [org.delivery.api.filter.LoggerFilter] [doFilter] [40] >>>>> uri : /actuator/health , method : GET , header : [host : localhost:8080] [user-agent : curl/8.4.0] [accept : application/json]  , body :  
00:09:16.900 [http-nio-8080-exec-1] INFO  o.delivery.api.filter.LoggerFilter [org.delivery.api.filter.LoggerFilter] [doFilter] [51] <<<<< uri : /actuator/health , method : GET , header : [Vary : Origin] [Vary : Origin] [Vary : Origin]  , body : {"status":"UP","components":{"db":{"status":"UP","details":{"database":"MySQL","validationQuery":"isValid()"}},"diskSpace":{"status":"UP","details":{"total":494384795648,"free":291059425280,"threshold":10485760,"path":"/Users/seole/IdeaProjects/service/.","exists":true}},"ping":{"status":"UP"},"rabbit":{"status":"UP","details":{"version":"4.0.2"}}}} 
00:29:32.710 [SpringApplicationShutdownHook] INFO  o.s.o.j.LocalContainerEntityManagerFactoryBean [org.springframework.orm.jpa.AbstractEntityManagerFactoryBean] [destroy] [650] Closing JPA EntityManagerFactory for persistence unit 'default' 
00:29:32.736 [SpringApplicationShutdownHook] INFO  com.zaxxer.hikari.HikariDataSource [com.zaxxer.hikari.HikariDataSource] [close] [349] HikariPool-1 - Shutdown initiated... 
00:29:32.752 [SpringApplicationShutdownHook] INFO  com.zaxxer.hikari.HikariDataSource [com.zaxxer.hikari.HikariDataSource] [close] [351] HikariPool-1 - Shutdown completed. 
00:29:35.294 [main] INFO  org.delivery.api.ApiApplicationKt [org.springframework.boot.StartupInfoLogger] [logStarting] [50] Starting ApiApplicationKt using Java 21.0.2 with PID 14693 (/Users/seole/IdeaProjects/service/api/build/classes/kotlin/main started by seole in /Users/seole/IdeaProjects/service) 
00:29:35.299 [main] INFO  org.delivery.api.ApiApplicationKt [org.springframework.boot.SpringApplication] [logStartupProfileInfo] [654] No active profile set, falling back to 1 default profile: "default" 
00:29:35.609 [main] INFO  o.s.d.r.c.RepositoryConfigurationDelegate [org.springframework.data.repository.config.RepositoryConfigurationDelegate] [registerRepositoriesIn] [143] Bootstrapping Spring Data JPA repositories in DEFAULT mode. 
00:29:35.641 [main] INFO  o.s.d.r.c.RepositoryConfigurationDelegate [org.springframework.data.repository.config.RepositoryConfigurationDelegate] [registerRepositoriesIn] [211] Finished Spring Data repository scanning in 29 ms. Found 6 JPA repository interfaces. 
00:29:36.105 [main] INFO  o.s.b.w.e.tomcat.TomcatWebServer [org.springframework.boot.web.embedded.tomcat.TomcatWebServer] [initialize] [111] Tomcat initialized with port 8080 (http) 
00:29:36.109 [main] INFO  o.a.coyote.http11.Http11NioProtocol [org.apache.juli.logging.DirectJDKLog] [log] [173] Initializing ProtocolHandler ["http-nio-8080"] 
00:29:36.110 [main] INFO  o.a.catalina.core.StandardService [org.apache.juli.logging.DirectJDKLog] [log] [173] Starting service [Tomcat] 
00:29:36.110 [main] INFO  o.a.catalina.core.StandardEngine [org.apache.juli.logging.DirectJDKLog] [log] [173] Starting Servlet engine: [Apache Tomcat/10.1.24] 
00:29:36.133 [main] INFO  o.a.c.c.C.[Tomcat].[localhost].[/] [org.apache.juli.logging.DirectJDKLog] [log] [173] Initializing Spring embedded WebApplicationContext 
00:29:36.133 [main] INFO  o.s.b.w.s.c.ServletWebServerApplicationContext [org.springframework.boot.web.servlet.context.ServletWebServerApplicationContext] [prepareWebApplicationContext] [296] Root WebApplicationContext: initialization completed in 812 ms 
00:29:36.265 [main] INFO  o.h.jpa.internal.util.LogHelper [org.hibernate.jpa.internal.util.LogHelper] [logPersistenceUnitInformation] [31] HHH000204: Processing PersistenceUnitInfo [name: default] 
00:29:36.292 [main] INFO  org.hibernate.Version [org.hibernate.Version] [logVersion] [44] HHH000412: Hibernate ORM core version 6.5.2.Final 
00:29:36.306 [main] INFO  o.h.c.i.RegionFactoryInitiator [org.hibernate.cache.internal.RegionFactoryInitiator] [initiateService] [50] HHH000026: Second-level cache disabled 
00:29:36.452 [main] INFO  o.s.o.j.p.SpringPersistenceUnitInfo [org.springframework.orm.jpa.persistenceunit.SpringPersistenceUnitInfo] [addTransformer] [87] No LoadTimeWeaver setup: ignoring JPA class transformer 
00:29:36.464 [main] INFO  com.zaxxer.hikari.HikariDataSource [com.zaxxer.hikari.HikariDataSource] [getConnection] [109] HikariPool-1 - Starting... 
00:29:36.543 [main] INFO  com.zaxxer.hikari.pool.HikariPool [com.zaxxer.hikari.pool.HikariPool] [checkFailFast] [554] HikariPool-1 - Added connection com.mysql.cj.jdbc.ConnectionImpl@63e648a0 
00:29:36.544 [main] INFO  com.zaxxer.hikari.HikariDataSource [com.zaxxer.hikari.HikariDataSource] [getConnection] [122] HikariPool-1 - Start completed. 
00:29:36.575 [main] WARN  org.hibernate.orm.deprecation [org.hibernate.engine.jdbc.dialect.internal.DialectFactoryImpl] [constructDialect] [153] HHH90000025: MySQL8Dialect does not need to be specified explicitly using 'hibernate.dialect' (remove the property setting and it will be selected by default) 
00:29:36.576 [main] WARN  org.hibernate.orm.deprecation [org.hibernate.engine.jdbc.dialect.internal.DialectFactoryImpl] [logSelectedDialect] [101] HHH90000026: MySQL8Dialect has been deprecated; use org.hibernate.dialect.MySQLDialect instead 
00:29:36.972 [main] INFO  o.h.e.t.j.p.i.JtaPlatformInitiator [org.hibernate.engine.transaction.jta.platform.internal.JtaPlatformInitiator] [initiateService] [59] HHH000489: No JTA platform available (set 'hibernate.transaction.jta.platform' to enable JTA platform integration) 
00:29:37.025 [main] INFO  o.s.o.j.LocalContainerEntityManagerFactoryBean [org.springframework.orm.jpa.AbstractEntityManagerFactoryBean] [buildNativeEntityManagerFactory] [437] Initialized JPA EntityManagerFactory for persistence unit 'default' 
00:29:37.436 [main] INFO  o.s.d.j.r.query.QueryEnhancerFactory [org.springframework.data.jpa.repository.query.QueryEnhancerFactory] [<clinit>] [49] Hibernate is in classpath; If applicable, HQL parser will be used. 
00:29:37.728 [main] WARN  o.s.b.a.o.j.JpaBaseConfiguration$JpaWebConfiguration [org.springframework.boot.autoconfigure.orm.jpa.JpaBaseConfiguration$JpaWebConfiguration] [openEntityManagerInViewInterceptor] [236] spring.jpa.open-in-view is enabled by default. Therefore, database queries may be performed during view rendering. Explicitly configure spring.jpa.open-in-view to disable this warning 
00:29:38.241 [main] INFO  o.s.b.a.e.web.EndpointLinksResolver [org.springframework.boot.actuate.endpoint.web.EndpointLinksResolver] [<init>] [60] Exposing 16 endpoints beneath base path '/actuator' 
00:29:38.281 [main] INFO  o.a.coyote.http11.Http11NioProtocol [org.apache.juli.logging.DirectJDKLog] [log] [173] Starting ProtocolHandler ["http-nio-8080"] 
00:29:38.288 [main] INFO  o.s.b.w.e.tomcat.TomcatWebServer [org.springframework.boot.web.embedded.tomcat.TomcatWebServer] [start] [243] Tomcat started on port 8080 (http) with context path '/' 
00:29:38.296 [main] INFO  org.delivery.api.ApiApplicationKt [org.springframework.boot.StartupInfoLogger] [logStarted] [56] Started ApiApplicationKt in 3.325 seconds (process running for 3.649) 
00:29:38.400 [registrationTask1] INFO  d.c.b.a.c.r.ApplicationRegistrator [de.codecentric.boot.admin.client.registration.DefaultApplicationRegistrator] [register] [82] Application registered itself as 5415c6cbcf35 
00:30:13.664 [SpringApplicationShutdownHook] INFO  o.s.o.j.LocalContainerEntityManagerFactoryBean [org.springframework.orm.jpa.AbstractEntityManagerFactoryBean] [destroy] [650] Closing JPA EntityManagerFactory for persistence unit 'default' 
00:30:13.668 [SpringApplicationShutdownHook] INFO  com.zaxxer.hikari.HikariDataSource [com.zaxxer.hikari.HikariDataSource] [close] [349] HikariPool-1 - Shutdown initiated... 
00:30:13.676 [SpringApplicationShutdownHook] INFO  com.zaxxer.hikari.HikariDataSource [com.zaxxer.hikari.HikariDataSource] [close] [351] HikariPool-1 - Shutdown completed. 
00:30:15.424 [main] INFO  org.delivery.api.ApiApplicationKt [org.springframework.boot.StartupInfoLogger] [logStarting] [50] Starting ApiApplicationKt using Java 21.0.2 with PID 14843 (/Users/seole/IdeaProjects/service/api/build/classes/kotlin/main started by seole in /Users/seole/IdeaProjects/service) 
00:30:15.426 [main] INFO  org.delivery.api.ApiApplicationKt [org.springframework.boot.SpringApplication] [logStartupProfileInfo] [654] No active profile set, falling back to 1 default profile: "default" 
00:30:15.695 [main] INFO  o.s.d.r.c.RepositoryConfigurationDelegate [org.springframework.data.repository.config.RepositoryConfigurationDelegate] [registerRepositoriesIn] [143] Bootstrapping Spring Data JPA repositories in DEFAULT mode. 
00:30:15.721 [main] INFO  o.s.d.r.c.RepositoryConfigurationDelegate [org.springframework.data.repository.config.RepositoryConfigurationDelegate] [registerRepositoriesIn] [211] Finished Spring Data repository scanning in 23 ms. Found 6 JPA repository interfaces. 
00:30:16.171 [main] INFO  o.s.b.w.e.tomcat.TomcatWebServer [org.springframework.boot.web.embedded.tomcat.TomcatWebServer] [initialize] [111] Tomcat initialized with port 8080 (http) 
00:30:16.176 [main] INFO  o.a.coyote.http11.Http11NioProtocol [org.apache.juli.logging.DirectJDKLog] [log] [173] Initializing ProtocolHandler ["http-nio-8080"] 
00:30:16.177 [main] INFO  o.a.catalina.core.StandardService [org.apache.juli.logging.DirectJDKLog] [log] [173] Starting service [Tomcat] 
00:30:16.177 [main] INFO  o.a.catalina.core.StandardEngine [org.apache.juli.logging.DirectJDKLog] [log] [173] Starting Servlet engine: [Apache Tomcat/10.1.24] 
00:30:16.196 [main] INFO  o.a.c.c.C.[Tomcat].[localhost].[/] [org.apache.juli.logging.DirectJDKLog] [log] [173] Initializing Spring embedded WebApplicationContext 
00:30:16.196 [main] INFO  o.s.b.w.s.c.ServletWebServerApplicationContext [org.springframework.boot.web.servlet.context.ServletWebServerApplicationContext] [prepareWebApplicationContext] [296] Root WebApplicationContext: initialization completed in 752 ms 
00:30:16.323 [main] INFO  o.h.jpa.internal.util.LogHelper [org.hibernate.jpa.internal.util.LogHelper] [logPersistenceUnitInformation] [31] HHH000204: Processing PersistenceUnitInfo [name: default] 
00:30:16.345 [main] INFO  org.hibernate.Version [org.hibernate.Version] [logVersion] [44] HHH000412: Hibernate ORM core version 6.5.2.Final 
00:30:16.357 [main] INFO  o.h.c.i.RegionFactoryInitiator [org.hibernate.cache.internal.RegionFactoryInitiator] [initiateService] [50] HHH000026: Second-level cache disabled 
00:30:16.479 [main] INFO  o.s.o.j.p.SpringPersistenceUnitInfo [org.springframework.orm.jpa.persistenceunit.SpringPersistenceUnitInfo] [addTransformer] [87] No LoadTimeWeaver setup: ignoring JPA class transformer 
00:30:16.490 [main] INFO  com.zaxxer.hikari.HikariDataSource [com.zaxxer.hikari.HikariDataSource] [getConnection] [109] HikariPool-1 - Starting... 
00:30:16.553 [main] INFO  com.zaxxer.hikari.pool.HikariPool [com.zaxxer.hikari.pool.HikariPool] [checkFailFast] [554] HikariPool-1 - Added connection com.mysql.cj.jdbc.ConnectionImpl@67e628b 
00:30:16.553 [main] INFO  com.zaxxer.hikari.HikariDataSource [com.zaxxer.hikari.HikariDataSource] [getConnection] [122] HikariPool-1 - Start completed. 
00:30:16.573 [main] WARN  org.hibernate.orm.deprecation [org.hibernate.engine.jdbc.dialect.internal.DialectFactoryImpl] [constructDialect] [153] HHH90000025: MySQL8Dialect does not need to be specified explicitly using 'hibernate.dialect' (remove the property setting and it will be selected by default) 
00:30:16.574 [main] WARN  org.hibernate.orm.deprecation [org.hibernate.engine.jdbc.dialect.internal.DialectFactoryImpl] [logSelectedDialect] [101] HHH90000026: MySQL8Dialect has been deprecated; use org.hibernate.dialect.MySQLDialect instead 
00:30:16.953 [main] INFO  o.h.e.t.j.p.i.JtaPlatformInitiator [org.hibernate.engine.transaction.jta.platform.internal.JtaPlatformInitiator] [initiateService] [59] HHH000489: No JTA platform available (set 'hibernate.transaction.jta.platform' to enable JTA platform integration) 
00:30:16.988 [main] INFO  o.s.o.j.LocalContainerEntityManagerFactoryBean [org.springframework.orm.jpa.AbstractEntityManagerFactoryBean] [buildNativeEntityManagerFactory] [437] Initialized JPA EntityManagerFactory for persistence unit 'default' 
00:30:17.364 [main] INFO  o.s.d.j.r.query.QueryEnhancerFactory [org.springframework.data.jpa.repository.query.QueryEnhancerFactory] [<clinit>] [49] Hibernate is in classpath; If applicable, HQL parser will be used. 
00:30:17.595 [main] WARN  o.s.b.a.o.j.JpaBaseConfiguration$JpaWebConfiguration [org.springframework.boot.autoconfigure.orm.jpa.JpaBaseConfiguration$JpaWebConfiguration] [openEntityManagerInViewInterceptor] [236] spring.jpa.open-in-view is enabled by default. Therefore, database queries may be performed during view rendering. Explicitly configure spring.jpa.open-in-view to disable this warning 
00:30:18.051 [main] INFO  o.s.b.a.e.web.EndpointLinksResolver [org.springframework.boot.actuate.endpoint.web.EndpointLinksResolver] [<init>] [60] Exposing 16 endpoints beneath base path '/actuator' 
00:30:18.085 [main] INFO  o.a.coyote.http11.Http11NioProtocol [org.apache.juli.logging.DirectJDKLog] [log] [173] Starting ProtocolHandler ["http-nio-8080"] 
00:30:18.092 [main] INFO  o.s.b.w.e.tomcat.TomcatWebServer [org.springframework.boot.web.embedded.tomcat.TomcatWebServer] [start] [243] Tomcat started on port 8080 (http) with context path '/' 
00:30:18.100 [main] INFO  org.delivery.api.ApiApplicationKt [org.springframework.boot.StartupInfoLogger] [logStarted] [56] Started ApiApplicationKt in 2.947 seconds (process running for 3.181) 
00:30:18.174 [registrationTask1] INFO  d.c.b.a.c.r.ApplicationRegistrator [de.codecentric.boot.admin.client.registration.DefaultApplicationRegistrator] [register] [82] Application registered itself as 5415c6cbcf35 
00:31:15.020 [SpringApplicationShutdownHook] INFO  o.s.o.j.LocalContainerEntityManagerFactoryBean [org.springframework.orm.jpa.AbstractEntityManagerFactoryBean] [destroy] [650] Closing JPA EntityManagerFactory for persistence unit 'default' 
00:31:15.023 [SpringApplicationShutdownHook] INFO  com.zaxxer.hikari.HikariDataSource [com.zaxxer.hikari.HikariDataSource] [close] [349] HikariPool-1 - Shutdown initiated... 
00:31:15.031 [SpringApplicationShutdownHook] INFO  com.zaxxer.hikari.HikariDataSource [com.zaxxer.hikari.HikariDataSource] [close] [351] HikariPool-1 - Shutdown completed. 
00:31:17.668 [main] INFO  org.delivery.api.ApiApplicationKt [org.springframework.boot.StartupInfoLogger] [logStarting] [50] Starting ApiApplicationKt using Java 21.0.2 with PID 15064 (/Users/seole/IdeaProjects/service/api/build/classes/kotlin/main started by seole in /Users/seole/IdeaProjects/service) 
00:31:17.669 [main] INFO  org.delivery.api.ApiApplicationKt [org.springframework.boot.SpringApplication] [logStartupProfileInfo] [654] No active profile set, falling back to 1 default profile: "default" 
00:31:17.953 [main] INFO  o.s.d.r.c.RepositoryConfigurationDelegate [org.springframework.data.repository.config.RepositoryConfigurationDelegate] [registerRepositoriesIn] [143] Bootstrapping Spring Data JPA repositories in DEFAULT mode. 
00:31:17.982 [main] INFO  o.s.d.r.c.RepositoryConfigurationDelegate [org.springframework.data.repository.config.RepositoryConfigurationDelegate] [registerRepositoriesIn] [211] Finished Spring Data repository scanning in 25 ms. Found 6 JPA repository interfaces. 
00:31:18.436 [main] INFO  o.s.b.w.e.tomcat.TomcatWebServer [org.springframework.boot.web.embedded.tomcat.TomcatWebServer] [initialize] [111] Tomcat initialized with port 8080 (http) 
00:31:18.440 [main] INFO  o.a.coyote.http11.Http11NioProtocol [org.apache.juli.logging.DirectJDKLog] [log] [173] Initializing ProtocolHandler ["http-nio-8080"] 
00:31:18.441 [main] INFO  o.a.catalina.core.StandardService [org.apache.juli.logging.DirectJDKLog] [log] [173] Starting service [Tomcat] 
00:31:18.441 [main] INFO  o.a.catalina.core.StandardEngine [org.apache.juli.logging.DirectJDKLog] [log] [173] Starting Servlet engine: [Apache Tomcat/10.1.24] 
00:31:18.465 [main] INFO  o.a.c.c.C.[Tomcat].[localhost].[/] [org.apache.juli.logging.DirectJDKLog] [log] [173] Initializing Spring embedded WebApplicationContext 
00:31:18.465 [main] INFO  o.s.b.w.s.c.ServletWebServerApplicationContext [org.springframework.boot.web.servlet.context.ServletWebServerApplicationContext] [prepareWebApplicationContext] [296] Root WebApplicationContext: initialization completed in 778 ms 
00:31:18.583 [main] INFO  o.h.jpa.internal.util.LogHelper [org.hibernate.jpa.internal.util.LogHelper] [logPersistenceUnitInformation] [31] HHH000204: Processing PersistenceUnitInfo [name: default] 
00:31:18.606 [main] INFO  org.hibernate.Version [org.hibernate.Version] [logVersion] [44] HHH000412: Hibernate ORM core version 6.5.2.Final 
00:31:18.617 [main] INFO  o.h.c.i.RegionFactoryInitiator [org.hibernate.cache.internal.RegionFactoryInitiator] [initiateService] [50] HHH000026: Second-level cache disabled 
00:31:18.745 [main] INFO  o.s.o.j.p.SpringPersistenceUnitInfo [org.springframework.orm.jpa.persistenceunit.SpringPersistenceUnitInfo] [addTransformer] [87] No LoadTimeWeaver setup: ignoring JPA class transformer 
00:31:18.755 [main] INFO  com.zaxxer.hikari.HikariDataSource [com.zaxxer.hikari.HikariDataSource] [getConnection] [109] HikariPool-1 - Starting... 
00:31:18.830 [main] INFO  com.zaxxer.hikari.pool.HikariPool [com.zaxxer.hikari.pool.HikariPool] [checkFailFast] [554] HikariPool-1 - Added connection com.mysql.cj.jdbc.ConnectionImpl@53c9541c 
00:31:18.831 [main] INFO  com.zaxxer.hikari.HikariDataSource [com.zaxxer.hikari.HikariDataSource] [getConnection] [122] HikariPool-1 - Start completed. 
00:31:18.854 [main] WARN  org.hibernate.orm.deprecation [org.hibernate.engine.jdbc.dialect.internal.DialectFactoryImpl] [constructDialect] [153] HHH90000025: MySQL8Dialect does not need to be specified explicitly using 'hibernate.dialect' (remove the property setting and it will be selected by default) 
00:31:18.855 [main] WARN  org.hibernate.orm.deprecation [org.hibernate.engine.jdbc.dialect.internal.DialectFactoryImpl] [logSelectedDialect] [101] HHH90000026: MySQL8Dialect has been deprecated; use org.hibernate.dialect.MySQLDialect instead 
00:31:19.248 [main] INFO  o.h.e.t.j.p.i.JtaPlatformInitiator [org.hibernate.engine.transaction.jta.platform.internal.JtaPlatformInitiator] [initiateService] [59] HHH000489: No JTA platform available (set 'hibernate.transaction.jta.platform' to enable JTA platform integration) 
00:31:19.287 [main] INFO  o.s.o.j.LocalContainerEntityManagerFactoryBean [org.springframework.orm.jpa.AbstractEntityManagerFactoryBean] [buildNativeEntityManagerFactory] [437] Initialized JPA EntityManagerFactory for persistence unit 'default' 
00:31:19.692 [main] INFO  o.s.d.j.r.query.QueryEnhancerFactory [org.springframework.data.jpa.repository.query.QueryEnhancerFactory] [<clinit>] [49] Hibernate is in classpath; If applicable, HQL parser will be used. 
00:31:19.927 [main] WARN  o.s.b.a.o.j.JpaBaseConfiguration$JpaWebConfiguration [org.springframework.boot.autoconfigure.orm.jpa.JpaBaseConfiguration$JpaWebConfiguration] [openEntityManagerInViewInterceptor] [236] spring.jpa.open-in-view is enabled by default. Therefore, database queries may be performed during view rendering. Explicitly configure spring.jpa.open-in-view to disable this warning 
00:31:20.411 [main] INFO  o.s.b.a.e.web.EndpointLinksResolver [org.springframework.boot.actuate.endpoint.web.EndpointLinksResolver] [<init>] [60] Exposing 16 endpoints beneath base path '/actuator' 
00:31:20.446 [main] INFO  o.a.coyote.http11.Http11NioProtocol [org.apache.juli.logging.DirectJDKLog] [log] [173] Starting ProtocolHandler ["http-nio-8080"] 
00:31:20.451 [main] INFO  o.s.b.w.e.tomcat.TomcatWebServer [org.springframework.boot.web.embedded.tomcat.TomcatWebServer] [start] [243] Tomcat started on port 8080 (http) with context path '/' 
00:31:20.459 [main] INFO  org.delivery.api.ApiApplicationKt [org.springframework.boot.StartupInfoLogger] [logStarted] [56] Started ApiApplicationKt in 3.062 seconds (process running for 3.289) 
00:31:20.534 [registrationTask1] INFO  d.c.b.a.c.r.ApplicationRegistrator [de.codecentric.boot.admin.client.registration.DefaultApplicationRegistrator] [register] [82] Application registered itself as 5415c6cbcf35 
00:32:33.986 [http-nio-8080-exec-1] INFO  o.a.c.c.C.[Tomcat].[localhost].[/] [org.apache.juli.logging.DirectJDKLog] [log] [173] Initializing Spring DispatcherServlet 'dispatcherServlet' 
00:32:33.987 [http-nio-8080-exec-1] INFO  o.s.web.servlet.DispatcherServlet [org.springframework.web.servlet.FrameworkServlet] [initServletBean] [532] Initializing Servlet 'dispatcherServlet' 
00:32:33.989 [http-nio-8080-exec-1] INFO  o.s.web.servlet.DispatcherServlet [org.springframework.web.servlet.FrameworkServlet] [initServletBean] [554] Completed initialization in 2 ms 
00:32:33.997 [http-nio-8080-exec-1] INFO  o.delivery.api.filter.LoggerFilter [org.delivery.api.filter.LoggerFilter] [doFilter] [25] INIT URI : /actuator/prometheus 
00:32:34.028 [http-nio-8080-exec-1] INFO  o.delivery.api.filter.LoggerFilter [org.delivery.api.filter.LoggerFilter] [doFilter] [40] >>>>> uri : /actuator/prometheus , method : GET , header : [host : localhost:8080] [user-agent : curl/8.4.0] [accept : */*]  , body :  
00:34:16.299 [http-nio-8080-exec-2] INFO  o.delivery.api.filter.LoggerFilter [org.delivery.api.filter.LoggerFilter] [doFilter] [25] INIT URI : /actuator/prometheus 
00:34:16.322 [http-nio-8080-exec-2] INFO  o.delivery.api.filter.LoggerFilter [org.delivery.api.filter.LoggerFilter] [doFilter] [40] >>>>> uri : /actuator/prometheus , method : GET , header : [host : localhost:8080] [user-agent : curl/8.4.0] [accept : */*]  , body :  
00:34:51.854 [SpringApplicationShutdownHook] INFO  o.s.o.j.LocalContainerEntityManagerFactoryBean [org.springframework.orm.jpa.AbstractEntityManagerFactoryBean] [destroy] [650] Closing JPA EntityManagerFactory for persistence unit 'default' 
00:34:51.857 [SpringApplicationShutdownHook] INFO  com.zaxxer.hikari.HikariDataSource [com.zaxxer.hikari.HikariDataSource] [close] [349] HikariPool-1 - Shutdown initiated... 
00:34:51.863 [SpringApplicationShutdownHook] INFO  com.zaxxer.hikari.HikariDataSource [com.zaxxer.hikari.HikariDataSource] [close] [351] HikariPool-1 - Shutdown completed. 
00:34:53.567 [main] INFO  org.delivery.api.ApiApplicationKt [org.springframework.boot.StartupInfoLogger] [logStarting] [50] Starting ApiApplicationKt using Java 21.0.2 with PID 15852 (/Users/seole/IdeaProjects/service/api/build/classes/kotlin/main started by seole in /Users/seole/IdeaProjects/service) 
00:34:53.570 [main] INFO  org.delivery.api.ApiApplicationKt [org.springframework.boot.SpringApplication] [logStartupProfileInfo] [654] No active profile set, falling back to 1 default profile: "default" 
00:34:53.888 [main] INFO  o.s.d.r.c.RepositoryConfigurationDelegate [org.springframework.data.repository.config.RepositoryConfigurationDelegate] [registerRepositoriesIn] [143] Bootstrapping Spring Data JPA repositories in DEFAULT mode. 
00:34:53.923 [main] INFO  o.s.d.r.c.RepositoryConfigurationDelegate [org.springframework.data.repository.config.RepositoryConfigurationDelegate] [registerRepositoriesIn] [211] Finished Spring Data repository scanning in 31 ms. Found 6 JPA repository interfaces. 
00:34:54.421 [main] INFO  o.s.b.w.e.tomcat.TomcatWebServer [org.springframework.boot.web.embedded.tomcat.TomcatWebServer] [initialize] [111] Tomcat initialized with port 8080 (http) 
00:34:54.426 [main] INFO  o.a.coyote.http11.Http11NioProtocol [org.apache.juli.logging.DirectJDKLog] [log] [173] Initializing ProtocolHandler ["http-nio-8080"] 
00:34:54.427 [main] INFO  o.a.catalina.core.StandardService [org.apache.juli.logging.DirectJDKLog] [log] [173] Starting service [Tomcat] 
00:34:54.427 [main] INFO  o.a.catalina.core.StandardEngine [org.apache.juli.logging.DirectJDKLog] [log] [173] Starting Servlet engine: [Apache Tomcat/10.1.24] 
00:34:54.449 [main] INFO  o.a.c.c.C.[Tomcat].[localhost].[/] [org.apache.juli.logging.DirectJDKLog] [log] [173] Initializing Spring embedded WebApplicationContext 
00:34:54.449 [main] INFO  o.s.b.w.s.c.ServletWebServerApplicationContext [org.springframework.boot.web.servlet.context.ServletWebServerApplicationContext] [prepareWebApplicationContext] [296] Root WebApplicationContext: initialization completed in 863 ms 
00:34:54.617 [main] INFO  o.h.jpa.internal.util.LogHelper [org.hibernate.jpa.internal.util.LogHelper] [logPersistenceUnitInformation] [31] HHH000204: Processing PersistenceUnitInfo [name: default] 
00:34:54.647 [main] INFO  org.hibernate.Version [org.hibernate.Version] [logVersion] [44] HHH000412: Hibernate ORM core version 6.5.2.Final 
00:34:54.661 [main] INFO  o.h.c.i.RegionFactoryInitiator [org.hibernate.cache.internal.RegionFactoryInitiator] [initiateService] [50] HHH000026: Second-level cache disabled 
00:34:54.788 [main] INFO  o.s.o.j.p.SpringPersistenceUnitInfo [org.springframework.orm.jpa.persistenceunit.SpringPersistenceUnitInfo] [addTransformer] [87] No LoadTimeWeaver setup: ignoring JPA class transformer 
00:34:54.799 [main] INFO  com.zaxxer.hikari.HikariDataSource [com.zaxxer.hikari.HikariDataSource] [getConnection] [109] HikariPool-1 - Starting... 
00:34:55.913 [main] WARN  o.h.e.j.e.i.JdbcEnvironmentInitiator [org.hibernate.engine.jdbc.env.internal.JdbcEnvironmentInitiator] [getJdbcEnvironmentUsingJdbcMetadata] [359] HHH000342: Could not obtain connection to query metadata 
java.lang.NullPointerException: Cannot invoke "org.hibernate.engine.jdbc.spi.SqlExceptionHelper.convert(java.sql.SQLException, String)" because the return value of "org.hibernate.resource.transaction.backend.jdbc.internal.JdbcIsolationDelegate.sqlExceptionHelper()" is null
	at org.hibernate.resource.transaction.backend.jdbc.internal.JdbcIsolationDelegate.delegateWork(JdbcIsolationDelegate.java:116)
	at org.hibernate.engine.jdbc.env.internal.JdbcEnvironmentInitiator.getJdbcEnvironmentUsingJdbcMetadata(JdbcEnvironmentInitiator.java:290)
	at org.hibernate.engine.jdbc.env.internal.JdbcEnvironmentInitiator.initiateService(JdbcEnvironmentInitiator.java:123)
	at org.hibernate.engine.jdbc.env.internal.JdbcEnvironmentInitiator.initiateService(JdbcEnvironmentInitiator.java:77)
	at org.hibernate.boot.registry.internal.StandardServiceRegistryImpl.initiateService(StandardServiceRegistryImpl.java:130)
	at org.hibernate.service.internal.AbstractServiceRegistryImpl.createService(AbstractServiceRegistryImpl.java:263)
	at org.hibernate.service.internal.AbstractServiceRegistryImpl.initializeService(AbstractServiceRegistryImpl.java:238)
	at org.hibernate.service.internal.AbstractServiceRegistryImpl.getService(AbstractServiceRegistryImpl.java:215)
	at org.hibernate.boot.model.relational.Database.<init>(Database.java:45)
	at org.hibernate.boot.internal.InFlightMetadataCollectorImpl.getDatabase(InFlightMetadataCollectorImpl.java:221)
	at org.hibernate.boot.internal.InFlightMetadataCollectorImpl.<init>(InFlightMetadataCollectorImpl.java:189)
	at org.hibernate.boot.model.process.spi.MetadataBuildingProcess.complete(MetadataBuildingProcess.java:171)
	at org.hibernate.jpa.boot.internal.EntityManagerFactoryBuilderImpl.metadata(EntityManagerFactoryBuilderImpl.java:1431)
	at org.hibernate.jpa.boot.internal.EntityManagerFactoryBuilderImpl.build(EntityManagerFactoryBuilderImpl.java:1502)
	at org.springframework.orm.jpa.vendor.SpringHibernateJpaPersistenceProvider.createContainerEntityManagerFactory(SpringHibernateJpaPersistenceProvider.java:75)
	at org.springframework.orm.jpa.LocalContainerEntityManagerFactoryBean.createNativeEntityManagerFactory(LocalContainerEntityManagerFactoryBean.java:390)
	at org.springframework.orm.jpa.AbstractEntityManagerFactoryBean.buildNativeEntityManagerFactory(AbstractEntityManagerFactoryBean.java:409)
	at org.springframework.orm.jpa.AbstractEntityManagerFactoryBean.afterPropertiesSet(AbstractEntityManagerFactoryBean.java:396)
	at org.springframework.orm.jpa.LocalContainerEntityManagerFactoryBean.afterPropertiesSet(LocalContainerEntityManagerFactoryBean.java:366)
	at org.springframework.beans.factory.support.AbstractAutowireCapableBeanFactory.invokeInitMethods(AbstractAutowireCapableBeanFactory.java:1835)
	at org.springframework.beans.factory.support.AbstractAutowireCapableBeanFactory.initializeBean(AbstractAutowireCapableBeanFactory.java:1784)
	at org.springframework.beans.factory.support.AbstractAutowireCapableBeanFactory.doCreateBean(AbstractAutowireCapableBeanFactory.java:600)
	at org.springframework.beans.factory.support.AbstractAutowireCapableBeanFactory.createBean(AbstractAutowireCapableBeanFactory.java:522)
	at org.springframework.beans.factory.support.AbstractBeanFactory.lambda$doGetBean$0(AbstractBeanFactory.java:337)
	at org.springframework.beans.factory.support.DefaultSingletonBeanRegistry.getSingleton(DefaultSingletonBeanRegistry.java:234)
	at org.springframework.beans.factory.support.AbstractBeanFactory.doGetBean(AbstractBeanFactory.java:335)
	at org.springframework.beans.factory.support.AbstractBeanFactory.getBean(AbstractBeanFactory.java:205)
	at org.springframework.context.support.AbstractApplicationContext.finishBeanFactoryInitialization(AbstractApplicationContext.java:952)
	at org.springframework.context.support.AbstractApplicationContext.refresh(AbstractApplicationContext.java:624)
	at org.springframework.boot.web.servlet.context.ServletWebServerApplicationContext.refresh(ServletWebServerApplicationContext.java:146)
	at org.springframework.boot.SpringApplication.refresh(SpringApplication.java:754)
	at org.springframework.boot.SpringApplication.refreshContext(SpringApplication.java:456)
	at org.springframework.boot.SpringApplication.run(SpringApplication.java:335)
	at org.springframework.boot.SpringApplication.run(SpringApplication.java:1363)
	at org.springframework.boot.SpringApplication.run(SpringApplication.java:1352)
	at org.delivery.api.ApiApplicationKt.main(ApiApplication.kt:12)
00:34:55.937 [main] WARN  org.hibernate.orm.deprecation [org.hibernate.engine.jdbc.dialect.internal.DialectFactoryImpl] [constructDialect] [153] HHH90000025: MySQL8Dialect does not need to be specified explicitly using 'hibernate.dialect' (remove the property setting and it will be selected by default) 
00:34:55.938 [main] WARN  org.hibernate.orm.deprecation [org.hibernate.engine.jdbc.dialect.internal.DialectFactoryImpl] [logSelectedDialect] [101] HHH90000026: MySQL8Dialect has been deprecated; use org.hibernate.dialect.MySQLDialect instead 
00:34:56.375 [main] INFO  o.h.e.t.j.p.i.JtaPlatformInitiator [org.hibernate.engine.transaction.jta.platform.internal.JtaPlatformInitiator] [initiateService] [59] HHH000489: No JTA platform available (set 'hibernate.transaction.jta.platform' to enable JTA platform integration) 
00:34:56.383 [main] INFO  com.zaxxer.hikari.HikariDataSource [com.zaxxer.hikari.HikariDataSource] [getConnection] [109] HikariPool-1 - Starting... 
00:34:57.406 [main] WARN  o.h.e.jdbc.spi.SqlExceptionHelper [org.hibernate.engine.jdbc.spi.SqlExceptionHelper] [logExceptions] [145] SQL Error: 1045, SQLState: 28000 
00:34:57.407 [main] ERROR o.h.e.jdbc.spi.SqlExceptionHelper [org.hibernate.engine.jdbc.spi.SqlExceptionHelper] [logExceptions] [150] Access denied for user 'root'@'192.168.65.1' (using password: YES) 
00:34:57.412 [main] ERROR o.s.o.j.LocalContainerEntityManagerFactoryBean [org.springframework.orm.jpa.AbstractEntityManagerFactoryBean] [buildNativeEntityManagerFactory] [426] Failed to initialize JPA EntityManagerFactory: [PersistenceUnit: default] Unable to build Hibernate SessionFactory; nested exception is org.hibernate.exception.GenericJDBCException: Unable to open JDBC Connection for DDL execution [Access denied for user 'root'@'192.168.65.1' (using password: YES)] [n/a] 
00:34:57.413 [main] WARN  o.s.b.w.s.c.AnnotationConfigServletWebServerApplicationContext [org.springframework.context.support.AbstractApplicationContext] [refresh] [632] Exception encountered during context initialization - cancelling refresh attempt: org.springframework.beans.factory.BeanCreationException: Error creating bean with name 'entityManagerFactory' defined in class path resource [org/springframework/boot/autoconfigure/orm/jpa/HibernateJpaConfiguration.class]: [PersistenceUnit: default] Unable to build Hibernate SessionFactory; nested exception is org.hibernate.exception.GenericJDBCException: Unable to open JDBC Connection for DDL execution [Access denied for user 'root'@'192.168.65.1' (using password: YES)] [n/a] 
00:34:57.415 [main] INFO  o.a.catalina.core.StandardService [org.apache.juli.logging.DirectJDKLog] [log] [173] Stopping service [Tomcat] 
00:34:57.436 [main] INFO  o.s.b.a.l.ConditionEvaluationReportLogger [org.springframework.boot.autoconfigure.logging.ConditionEvaluationReportLogger] [logMessage] [82] 

Error starting ApplicationContext. To display the condition evaluation report re-run your application with 'debug' enabled. 
00:34:57.451 [main] ERROR o.s.boot.SpringApplication [org.springframework.boot.SpringApplication] [reportFailure] [859] Application run failed 
org.springframework.beans.factory.BeanCreationException: Error creating bean with name 'entityManagerFactory' defined in class path resource [org/springframework/boot/autoconfigure/orm/jpa/HibernateJpaConfiguration.class]: [PersistenceUnit: default] Unable to build Hibernate SessionFactory; nested exception is org.hibernate.exception.GenericJDBCException: Unable to open JDBC Connection for DDL execution [Access denied for user 'root'@'192.168.65.1' (using password: YES)] [n/a]
	at org.springframework.beans.factory.support.AbstractAutowireCapableBeanFactory.initializeBean(AbstractAutowireCapableBeanFactory.java:1788)
	at org.springframework.beans.factory.support.AbstractAutowireCapableBeanFactory.doCreateBean(AbstractAutowireCapableBeanFactory.java:600)
	at org.springframework.beans.factory.support.AbstractAutowireCapableBeanFactory.createBean(AbstractAutowireCapableBeanFactory.java:522)
	at org.springframework.beans.factory.support.AbstractBeanFactory.lambda$doGetBean$0(AbstractBeanFactory.java:337)
	at org.springframework.beans.factory.support.DefaultSingletonBeanRegistry.getSingleton(DefaultSingletonBeanRegistry.java:234)
	at org.springframework.beans.factory.support.AbstractBeanFactory.doGetBean(AbstractBeanFactory.java:335)
	at org.springframework.beans.factory.support.AbstractBeanFactory.getBean(AbstractBeanFactory.java:205)
	at org.springframework.context.support.AbstractApplicationContext.finishBeanFactoryInitialization(AbstractApplicationContext.java:952)
	at org.springframework.context.support.AbstractApplicationContext.refresh(AbstractApplicationContext.java:624)
	at org.springframework.boot.web.servlet.context.ServletWebServerApplicationContext.refresh(ServletWebServerApplicationContext.java:146)
	at org.springframework.boot.SpringApplication.refresh(SpringApplication.java:754)
	at org.springframework.boot.SpringApplication.refreshContext(SpringApplication.java:456)
	at org.springframework.boot.SpringApplication.run(SpringApplication.java:335)
	at org.springframework.boot.SpringApplication.run(SpringApplication.java:1363)
	at org.springframework.boot.SpringApplication.run(SpringApplication.java:1352)
	at org.delivery.api.ApiApplicationKt.main(ApiApplication.kt:12)
Caused by: jakarta.persistence.PersistenceException: [PersistenceUnit: default] Unable to build Hibernate SessionFactory; nested exception is org.hibernate.exception.GenericJDBCException: Unable to open JDBC Connection for DDL execution [Access denied for user 'root'@'192.168.65.1' (using password: YES)] [n/a]
	at org.springframework.orm.jpa.AbstractEntityManagerFactoryBean.buildNativeEntityManagerFactory(AbstractEntityManagerFactoryBean.java:421)
	at org.springframework.orm.jpa.AbstractEntityManagerFactoryBean.afterPropertiesSet(AbstractEntityManagerFactoryBean.java:396)
	at org.springframework.orm.jpa.LocalContainerEntityManagerFactoryBean.afterPropertiesSet(LocalContainerEntityManagerFactoryBean.java:366)
	at org.springframework.beans.factory.support.AbstractAutowireCapableBeanFactory.invokeInitMethods(AbstractAutowireCapableBeanFactory.java:1835)
	at org.springframework.beans.factory.support.AbstractAutowireCapableBeanFactory.initializeBean(AbstractAutowireCapableBeanFactory.java:1784)
	... 15 common frames omitted
Caused by: org.hibernate.exception.GenericJDBCException: Unable to open JDBC Connection for DDL execution [Access denied for user 'root'@'192.168.65.1' (using password: YES)] [n/a]
	at org.hibernate.exception.internal.StandardSQLExceptionConverter.convert(StandardSQLExceptionConverter.java:63)
	at org.hibernate.engine.jdbc.spi.SqlExceptionHelper.convert(SqlExceptionHelper.java:108)
	at org.hibernate.engine.jdbc.spi.SqlExceptionHelper.convert(SqlExceptionHelper.java:94)
	at org.hibernate.resource.transaction.backend.jdbc.internal.DdlTransactionIsolatorNonJtaImpl.getIsolatedConnection(DdlTransactionIsolatorNonJtaImpl.java:74)
	at org.hibernate.resource.transaction.backend.jdbc.internal.DdlTransactionIsolatorNonJtaImpl.getIsolatedConnection(DdlTransactionIsolatorNonJtaImpl.java:39)
	at org.hibernate.tool.schema.internal.exec.ImprovedExtractionContextImpl.getJdbcConnection(ImprovedExtractionContextImpl.java:63)
	at org.hibernate.tool.schema.internal.exec.ImprovedExtractionContextImpl.getJdbcDatabaseMetaData(ImprovedExtractionContextImpl.java:70)
	at org.hibernate.tool.schema.extract.internal.InformationExtractorJdbcDatabaseMetaDataImpl.processTableResultSet(InformationExtractorJdbcDatabaseMetaDataImpl.java:65)
	at org.hibernate.tool.schema.extract.internal.AbstractInformationExtractorImpl.getTables(AbstractInformationExtractorImpl.java:570)
	at org.hibernate.tool.schema.extract.internal.DatabaseInformationImpl.getTablesInformation(DatabaseInformationImpl.java:122)
	at org.hibernate.tool.schema.internal.GroupedSchemaValidatorImpl.validateTables(GroupedSchemaValidatorImpl.java:41)
	at org.hibernate.tool.schema.internal.AbstractSchemaValidator.performValidation(AbstractSchemaValidator.java:98)
	at org.hibernate.tool.schema.internal.AbstractSchemaValidator.doValidation(AbstractSchemaValidator.java:76)
	at org.hibernate.tool.schema.spi.SchemaManagementToolCoordinator.performDatabaseAction(SchemaManagementToolCoordinator.java:289)
	at org.hibernate.tool.schema.spi.SchemaManagementToolCoordinator.lambda$process$5(SchemaManagementToolCoordinator.java:144)
	at java.base/java.util.HashMap.forEach(HashMap.java:1429)
	at org.hibernate.tool.schema.spi.SchemaManagementToolCoordinator.process(SchemaManagementToolCoordinator.java:141)
	at org.hibernate.boot.internal.SessionFactoryObserverForSchemaExport.sessionFactoryCreated(SessionFactoryObserverForSchemaExport.java:37)
	at org.hibernate.internal.SessionFactoryObserverChain.sessionFactoryCreated(SessionFactoryObserverChain.java:35)
	at org.hibernate.internal.SessionFactoryImpl.<init>(SessionFactoryImpl.java:322)
	at org.hibernate.boot.internal.SessionFactoryBuilderImpl.build(SessionFactoryBuilderImpl.java:457)
	at org.hibernate.jpa.boot.internal.EntityManagerFactoryBuilderImpl.build(EntityManagerFactoryBuilderImpl.java:1506)
	at org.springframework.orm.jpa.vendor.SpringHibernateJpaPersistenceProvider.createContainerEntityManagerFactory(SpringHibernateJpaPersistenceProvider.java:75)
	at org.springframework.orm.jpa.LocalContainerEntityManagerFactoryBean.createNativeEntityManagerFactory(LocalContainerEntityManagerFactoryBean.java:390)
	at org.springframework.orm.jpa.AbstractEntityManagerFactoryBean.buildNativeEntityManagerFactory(AbstractEntityManagerFactoryBean.java:409)
	... 19 common frames omitted
Caused by: java.sql.SQLException: Access denied for user 'root'@'192.168.65.1' (using password: YES)
	at com.mysql.cj.jdbc.exceptions.SQLError.createSQLException(SQLError.java:130)
	at com.mysql.cj.jdbc.exceptions.SQLExceptionsMapping.translateException(SQLExceptionsMapping.java:122)
	at com.mysql.cj.jdbc.ConnectionImpl.createNewIO(ConnectionImpl.java:815)
	at com.mysql.cj.jdbc.ConnectionImpl.<init>(ConnectionImpl.java:438)
	at com.mysql.cj.jdbc.ConnectionImpl.getInstance(ConnectionImpl.java:241)
	at com.mysql.cj.jdbc.NonRegisteringDriver.connect(NonRegisteringDriver.java:189)
	at com.zaxxer.hikari.util.DriverDataSource.getConnection(DriverDataSource.java:137)
	at com.zaxxer.hikari.pool.PoolBase.newConnection(PoolBase.java:360)
	at com.zaxxer.hikari.pool.PoolBase.newPoolEntry(PoolBase.java:202)
	at com.zaxxer.hikari.pool.HikariPool.createPoolEntry(HikariPool.java:461)
	at com.zaxxer.hikari.pool.HikariPool.checkFailFast(HikariPool.java:550)
	at com.zaxxer.hikari.pool.HikariPool.<init>(HikariPool.java:98)
	at com.zaxxer.hikari.HikariDataSource.getConnection(HikariDataSource.java:111)
	at org.hibernate.engine.jdbc.connections.internal.DatasourceConnectionProviderImpl.getConnection(DatasourceConnectionProviderImpl.java:122)
	at org.hibernate.engine.jdbc.env.internal.JdbcEnvironmentInitiator$ConnectionProviderJdbcConnectionAccess.obtainConnection(JdbcEnvironmentInitiator.java:437)
	at org.hibernate.resource.transaction.backend.jdbc.internal.DdlTransactionIsolatorNonJtaImpl.getIsolatedConnection(DdlTransactionIsolatorNonJtaImpl.java:46)
	... 40 common frames omitted
00:35:10.091 [main] INFO  org.delivery.api.ApiApplicationKt [org.springframework.boot.StartupInfoLogger] [logStarting] [50] Starting ApiApplicationKt using Java 21.0.2 with PID 15913 (/Users/seole/IdeaProjects/service/api/build/classes/kotlin/main started by seole in /Users/seole/IdeaProjects/service) 
00:35:10.093 [main] INFO  org.delivery.api.ApiApplicationKt [org.springframework.boot.SpringApplication] [logStartupProfileInfo] [654] No active profile set, falling back to 1 default profile: "default" 
00:35:10.381 [main] INFO  o.s.d.r.c.RepositoryConfigurationDelegate [org.springframework.data.repository.config.RepositoryConfigurationDelegate] [registerRepositoriesIn] [143] Bootstrapping Spring Data JPA repositories in DEFAULT mode. 
00:35:10.414 [main] INFO  o.s.d.r.c.RepositoryConfigurationDelegate [org.springframework.data.repository.config.RepositoryConfigurationDelegate] [registerRepositoriesIn] [211] Finished Spring Data repository scanning in 29 ms. Found 6 JPA repository interfaces. 
00:35:10.885 [main] INFO  o.s.b.w.e.tomcat.TomcatWebServer [org.springframework.boot.web.embedded.tomcat.TomcatWebServer] [initialize] [111] Tomcat initialized with port 8080 (http) 
00:35:10.889 [main] INFO  o.a.coyote.http11.Http11NioProtocol [org.apache.juli.logging.DirectJDKLog] [log] [173] Initializing ProtocolHandler ["http-nio-8080"] 
00:35:10.889 [main] INFO  o.a.catalina.core.StandardService [org.apache.juli.logging.DirectJDKLog] [log] [173] Starting service [Tomcat] 
00:35:10.889 [main] INFO  o.a.catalina.core.StandardEngine [org.apache.juli.logging.DirectJDKLog] [log] [173] Starting Servlet engine: [Apache Tomcat/10.1.24] 
00:35:10.909 [main] INFO  o.a.c.c.C.[Tomcat].[localhost].[/] [org.apache.juli.logging.DirectJDKLog] [log] [173] Initializing Spring embedded WebApplicationContext 
00:35:10.909 [main] INFO  o.s.b.w.s.c.ServletWebServerApplicationContext [org.springframework.boot.web.servlet.context.ServletWebServerApplicationContext] [prepareWebApplicationContext] [296] Root WebApplicationContext: initialization completed in 796 ms 
00:35:11.041 [main] INFO  o.h.jpa.internal.util.LogHelper [org.hibernate.jpa.internal.util.LogHelper] [logPersistenceUnitInformation] [31] HHH000204: Processing PersistenceUnitInfo [name: default] 
00:35:11.066 [main] INFO  org.hibernate.Version [org.hibernate.Version] [logVersion] [44] HHH000412: Hibernate ORM core version 6.5.2.Final 
00:35:11.078 [main] INFO  o.h.c.i.RegionFactoryInitiator [org.hibernate.cache.internal.RegionFactoryInitiator] [initiateService] [50] HHH000026: Second-level cache disabled 
00:35:11.207 [main] INFO  o.s.o.j.p.SpringPersistenceUnitInfo [org.springframework.orm.jpa.persistenceunit.SpringPersistenceUnitInfo] [addTransformer] [87] No LoadTimeWeaver setup: ignoring JPA class transformer 
00:35:11.217 [main] INFO  com.zaxxer.hikari.HikariDataSource [com.zaxxer.hikari.HikariDataSource] [getConnection] [109] HikariPool-1 - Starting... 
00:35:11.281 [main] INFO  com.zaxxer.hikari.pool.HikariPool [com.zaxxer.hikari.pool.HikariPool] [checkFailFast] [554] HikariPool-1 - Added connection com.mysql.cj.jdbc.ConnectionImpl@6318ff9 
00:35:11.282 [main] INFO  com.zaxxer.hikari.HikariDataSource [com.zaxxer.hikari.HikariDataSource] [getConnection] [122] HikariPool-1 - Start completed. 
00:35:11.312 [main] WARN  org.hibernate.orm.deprecation [org.hibernate.engine.jdbc.dialect.internal.DialectFactoryImpl] [constructDialect] [153] HHH90000025: MySQL8Dialect does not need to be specified explicitly using 'hibernate.dialect' (remove the property setting and it will be selected by default) 
00:35:11.313 [main] WARN  org.hibernate.orm.deprecation [org.hibernate.engine.jdbc.dialect.internal.DialectFactoryImpl] [logSelectedDialect] [101] HHH90000026: MySQL8Dialect has been deprecated; use org.hibernate.dialect.MySQLDialect instead 
00:35:11.720 [main] INFO  o.h.e.t.j.p.i.JtaPlatformInitiator [org.hibernate.engine.transaction.jta.platform.internal.JtaPlatformInitiator] [initiateService] [59] HHH000489: No JTA platform available (set 'hibernate.transaction.jta.platform' to enable JTA platform integration) 
00:35:11.760 [main] INFO  o.s.o.j.LocalContainerEntityManagerFactoryBean [org.springframework.orm.jpa.AbstractEntityManagerFactoryBean] [buildNativeEntityManagerFactory] [437] Initialized JPA EntityManagerFactory for persistence unit 'default' 
00:35:12.159 [main] INFO  o.s.d.j.r.query.QueryEnhancerFactory [org.springframework.data.jpa.repository.query.QueryEnhancerFactory] [<clinit>] [49] Hibernate is in classpath; If applicable, HQL parser will be used. 
00:35:12.393 [main] WARN  o.s.b.a.o.j.JpaBaseConfiguration$JpaWebConfiguration [org.springframework.boot.autoconfigure.orm.jpa.JpaBaseConfiguration$JpaWebConfiguration] [openEntityManagerInViewInterceptor] [236] spring.jpa.open-in-view is enabled by default. Therefore, database queries may be performed during view rendering. Explicitly configure spring.jpa.open-in-view to disable this warning 
00:35:12.868 [main] INFO  o.s.b.a.e.web.EndpointLinksResolver [org.springframework.boot.actuate.endpoint.web.EndpointLinksResolver] [<init>] [60] Exposing 2 endpoints beneath base path '/actuator' 
00:35:12.905 [main] INFO  o.a.coyote.http11.Http11NioProtocol [org.apache.juli.logging.DirectJDKLog] [log] [173] Starting ProtocolHandler ["http-nio-8080"] 
00:35:12.921 [main] INFO  o.s.b.w.e.tomcat.TomcatWebServer [org.springframework.boot.web.embedded.tomcat.TomcatWebServer] [start] [243] Tomcat started on port 8080 (http) with context path '/' 
00:35:12.929 [main] INFO  org.delivery.api.ApiApplicationKt [org.springframework.boot.StartupInfoLogger] [logStarted] [56] Started ApiApplicationKt in 3.14 seconds (process running for 3.364) 
00:35:12.989 [registrationTask1] INFO  d.c.b.a.c.r.ApplicationRegistrator [de.codecentric.boot.admin.client.registration.DefaultApplicationRegistrator] [register] [82] Application registered itself as 5415c6cbcf35 
00:36:42.716 [SpringApplicationShutdownHook] INFO  o.s.o.j.LocalContainerEntityManagerFactoryBean [org.springframework.orm.jpa.AbstractEntityManagerFactoryBean] [destroy] [650] Closing JPA EntityManagerFactory for persistence unit 'default' 
00:36:42.720 [SpringApplicationShutdownHook] INFO  com.zaxxer.hikari.HikariDataSource [com.zaxxer.hikari.HikariDataSource] [close] [349] HikariPool-1 - Shutdown initiated... 
00:36:42.747 [SpringApplicationShutdownHook] INFO  com.zaxxer.hikari.HikariDataSource [com.zaxxer.hikari.HikariDataSource] [close] [351] HikariPool-1 - Shutdown completed. 
00:36:44.485 [main] INFO  org.delivery.api.ApiApplicationKt [org.springframework.boot.StartupInfoLogger] [logStarting] [50] Starting ApiApplicationKt using Java 21.0.2 with PID 16254 (/Users/seole/IdeaProjects/service/api/build/classes/kotlin/main started by seole in /Users/seole/IdeaProjects/service) 
00:36:44.487 [main] INFO  org.delivery.api.ApiApplicationKt [org.springframework.boot.SpringApplication] [logStartupProfileInfo] [654] No active profile set, falling back to 1 default profile: "default" 
00:36:44.766 [main] INFO  o.s.d.r.c.RepositoryConfigurationDelegate [org.springframework.data.repository.config.RepositoryConfigurationDelegate] [registerRepositoriesIn] [143] Bootstrapping Spring Data JPA repositories in DEFAULT mode. 
00:36:44.794 [main] INFO  o.s.d.r.c.RepositoryConfigurationDelegate [org.springframework.data.repository.config.RepositoryConfigurationDelegate] [registerRepositoriesIn] [211] Finished Spring Data repository scanning in 23 ms. Found 6 JPA repository interfaces. 
00:36:45.271 [main] INFO  o.s.b.w.e.tomcat.TomcatWebServer [org.springframework.boot.web.embedded.tomcat.TomcatWebServer] [initialize] [111] Tomcat initialized with port 8080 (http) 
00:36:45.275 [main] INFO  o.a.coyote.http11.Http11NioProtocol [org.apache.juli.logging.DirectJDKLog] [log] [173] Initializing ProtocolHandler ["http-nio-8080"] 
00:36:45.276 [main] INFO  o.a.catalina.core.StandardService [org.apache.juli.logging.DirectJDKLog] [log] [173] Starting service [Tomcat] 
00:36:45.276 [main] INFO  o.a.catalina.core.StandardEngine [org.apache.juli.logging.DirectJDKLog] [log] [173] Starting Servlet engine: [Apache Tomcat/10.1.24] 
00:36:45.294 [main] INFO  o.a.c.c.C.[Tomcat].[localhost].[/] [org.apache.juli.logging.DirectJDKLog] [log] [173] Initializing Spring embedded WebApplicationContext 
00:36:45.294 [main] INFO  o.s.b.w.s.c.ServletWebServerApplicationContext [org.springframework.boot.web.servlet.context.ServletWebServerApplicationContext] [prepareWebApplicationContext] [296] Root WebApplicationContext: initialization completed in 790 ms 
00:36:45.423 [main] INFO  o.h.jpa.internal.util.LogHelper [org.hibernate.jpa.internal.util.LogHelper] [logPersistenceUnitInformation] [31] HHH000204: Processing PersistenceUnitInfo [name: default] 
00:36:45.445 [main] INFO  org.hibernate.Version [org.hibernate.Version] [logVersion] [44] HHH000412: Hibernate ORM core version 6.5.2.Final 
00:36:45.456 [main] INFO  o.h.c.i.RegionFactoryInitiator [org.hibernate.cache.internal.RegionFactoryInitiator] [initiateService] [50] HHH000026: Second-level cache disabled 
00:36:45.582 [main] INFO  o.s.o.j.p.SpringPersistenceUnitInfo [org.springframework.orm.jpa.persistenceunit.SpringPersistenceUnitInfo] [addTransformer] [87] No LoadTimeWeaver setup: ignoring JPA class transformer 
00:36:45.592 [main] INFO  com.zaxxer.hikari.HikariDataSource [com.zaxxer.hikari.HikariDataSource] [getConnection] [109] HikariPool-1 - Starting... 
00:36:45.658 [main] INFO  com.zaxxer.hikari.pool.HikariPool [com.zaxxer.hikari.pool.HikariPool] [checkFailFast] [554] HikariPool-1 - Added connection com.mysql.cj.jdbc.ConnectionImpl@3b764e66 
00:36:45.658 [main] INFO  com.zaxxer.hikari.HikariDataSource [com.zaxxer.hikari.HikariDataSource] [getConnection] [122] HikariPool-1 - Start completed. 
00:36:45.687 [main] WARN  org.hibernate.orm.deprecation [org.hibernate.engine.jdbc.dialect.internal.DialectFactoryImpl] [constructDialect] [153] HHH90000025: MySQL8Dialect does not need to be specified explicitly using 'hibernate.dialect' (remove the property setting and it will be selected by default) 
00:36:45.688 [main] WARN  org.hibernate.orm.deprecation [org.hibernate.engine.jdbc.dialect.internal.DialectFactoryImpl] [logSelectedDialect] [101] HHH90000026: MySQL8Dialect has been deprecated; use org.hibernate.dialect.MySQLDialect instead 
00:36:46.062 [main] INFO  o.h.e.t.j.p.i.JtaPlatformInitiator [org.hibernate.engine.transaction.jta.platform.internal.JtaPlatformInitiator] [initiateService] [59] HHH000489: No JTA platform available (set 'hibernate.transaction.jta.platform' to enable JTA platform integration) 
00:36:46.102 [main] INFO  o.s.o.j.LocalContainerEntityManagerFactoryBean [org.springframework.orm.jpa.AbstractEntityManagerFactoryBean] [buildNativeEntityManagerFactory] [437] Initialized JPA EntityManagerFactory for persistence unit 'default' 
00:36:46.512 [main] INFO  o.s.d.j.r.query.QueryEnhancerFactory [org.springframework.data.jpa.repository.query.QueryEnhancerFactory] [<clinit>] [49] Hibernate is in classpath; If applicable, HQL parser will be used. 
00:36:46.738 [main] WARN  o.s.b.a.o.j.JpaBaseConfiguration$JpaWebConfiguration [org.springframework.boot.autoconfigure.orm.jpa.JpaBaseConfiguration$JpaWebConfiguration] [openEntityManagerInViewInterceptor] [236] spring.jpa.open-in-view is enabled by default. Therefore, database queries may be performed during view rendering. Explicitly configure spring.jpa.open-in-view to disable this warning 
00:36:47.203 [main] INFO  o.s.b.a.e.web.EndpointLinksResolver [org.springframework.boot.actuate.endpoint.web.EndpointLinksResolver] [<init>] [60] Exposing 2 endpoints beneath base path '/actuator' 
00:36:47.237 [main] INFO  o.a.coyote.http11.Http11NioProtocol [org.apache.juli.logging.DirectJDKLog] [log] [173] Starting ProtocolHandler ["http-nio-8080"] 
00:36:47.242 [main] INFO  o.s.b.w.e.tomcat.TomcatWebServer [org.springframework.boot.web.embedded.tomcat.TomcatWebServer] [start] [243] Tomcat started on port 8080 (http) with context path '/' 
00:36:47.249 [main] INFO  org.delivery.api.ApiApplicationKt [org.springframework.boot.StartupInfoLogger] [logStarted] [56] Started ApiApplicationKt in 3.017 seconds (process running for 3.246) 
00:36:47.338 [registrationTask1] INFO  d.c.b.a.c.r.ApplicationRegistrator [de.codecentric.boot.admin.client.registration.DefaultApplicationRegistrator] [register] [82] Application registered itself as 5415c6cbcf35 
00:42:57.689 [http-nio-8080-exec-1] INFO  o.a.c.c.C.[Tomcat].[localhost].[/] [org.apache.juli.logging.DirectJDKLog] [log] [173] Initializing Spring DispatcherServlet 'dispatcherServlet' 
00:42:57.690 [http-nio-8080-exec-1] INFO  o.s.web.servlet.DispatcherServlet [org.springframework.web.servlet.FrameworkServlet] [initServletBean] [532] Initializing Servlet 'dispatcherServlet' 
00:42:57.693 [http-nio-8080-exec-1] INFO  o.s.web.servlet.DispatcherServlet [org.springframework.web.servlet.FrameworkServlet] [initServletBean] [554] Completed initialization in 3 ms 
00:42:57.701 [http-nio-8080-exec-1] INFO  o.delivery.api.filter.LoggerFilter [org.delivery.api.filter.LoggerFilter] [doFilter] [25] INIT URI : /actuator/prometheus 
00:42:57.735 [http-nio-8080-exec-1] INFO  o.delivery.api.filter.LoggerFilter [org.delivery.api.filter.LoggerFilter] [doFilter] [40] >>>>> uri : /actuator/prometheus , method : GET , header : [host : localhost:8080] [connection : keep-alive] [sec-ch-ua : "Chromium";v="134", "Not:A-Brand";v="24", "Google Chrome";v="134"] [sec-ch-ua-mobile : ?0] [sec-ch-ua-platform : "macOS"] [upgrade-insecure-requests : 1] [user-agent : Mozilla/5.0 (Macintosh; Intel Mac OS X 10_15_7) AppleWebKit/537.36 (KHTML, like Gecko) Chrome/134.0.0.0 Safari/537.36] [accept : text/html,application/xhtml+xml,application/xml;q=0.9,image/avif,image/webp,image/apng,*/*;q=0.8,application/signed-exchange;v=b3;q=0.7] [sec-fetch-site : none] [sec-fetch-mode : navigate] [sec-fetch-user : ?1] [sec-fetch-dest : document] [accept-encoding : gzip, deflate, br, zstd] [accept-language : ko-KR,ko;q=0.9,en-US;q=0.8,en;q=0.7] [cookie : Idea-d9adfdbe=99fa2d10-3e7c-4a11-9312-ce76dd752ed5; sid=Fe26.2**d0e8129367d07f98cb59a479283297063a0fdfff9d094ff2ba37e049315bc16d*MS04X7CQzVgQTGUyX5aTaQ*ilvHXxa4IN5jBGnZhqIsPUNAZjE9gIW7ojy93gSjiVrY9XBRiOGrrzft_24NhO3EDRzl-8DN0wMoY0WDezmEj7qWQMTh1eNW8VfVp6G6dtKdPc225u4VqDb4U-VepivcS0Z714Tr7pP5qX82yNOHjHr5zfL2keUoYzDpd2zPFQfyo8Fhv10NmFfhwuOBXpTuZWUM5kkNYbMqL-60c0hYQZavaUOWNYwCW9U50Opeq5A**4b1893706da1364a021fc1deed514f971bd5169e5ba19d2d8b8d7a3ea0faf8ca*KZOmJoAtdzW48JfUGP5EeQklCq7-56KI-A0KDvD1eo0; m=59b9:true; JSESSIONID=1DE1DFA0E2FE4163B441B6B356049781; grafana_session=abd99c80aa6fb68f82b7a43453b1d000; grafana_session_expiry=1742140254] [authorization-token : eyJhbGciOiJIUzI1NiJ9.eyJ1c2VySWQiOjIsImV4cCI6MTc0MTc4MTU3M30.4WGkV945X3kA2VekhoKblh91IaVlt3UdA_Hhlb_A5kc]  , body :  
00:42:57.759 [http-nio-8080-exec-2] INFO  o.delivery.api.filter.LoggerFilter [org.delivery.api.filter.LoggerFilter] [doFilter] [25] INIT URI : /favicon.ico 
00:42:57.762 [http-nio-8080-exec-2] INFO  o.d.a.i.AuthorizationInterceptor [org.delivery.api.interceptor.AuthorizationInterceptor] [preHandle] [29] Authorization Interceptor url : /favicon.ico 
00:42:57.765 [http-nio-8080-exec-2] ERROR o.d.a.e.GlobalExceptionHandler [org.delivery.api.exceptionHandler.GlobalExceptionHandler] [exception] [20]  
org.springframework.web.servlet.resource.NoResourceFoundException: No static resource favicon.ico.
	at org.springframework.web.servlet.resource.ResourceHttpRequestHandler.handleRequest(ResourceHttpRequestHandler.java:585)
	at org.springframework.web.servlet.mvc.HttpRequestHandlerAdapter.handle(HttpRequestHandlerAdapter.java:52)
	at org.springframework.web.servlet.DispatcherServlet.doDispatch(DispatcherServlet.java:1089)
	at org.springframework.web.servlet.DispatcherServlet.doService(DispatcherServlet.java:979)
	at org.springframework.web.servlet.FrameworkServlet.processRequest(FrameworkServlet.java:1014)
	at org.springframework.web.servlet.FrameworkServlet.doGet(FrameworkServlet.java:903)
	at jakarta.servlet.http.HttpServlet.service(HttpServlet.java:564)
	at org.springframework.web.servlet.FrameworkServlet.service(FrameworkServlet.java:885)
	at jakarta.servlet.http.HttpServlet.service(HttpServlet.java:658)
	at org.apache.catalina.core.ApplicationFilterChain.internalDoFilter(ApplicationFilterChain.java:195)
	at org.apache.catalina.core.ApplicationFilterChain.doFilter(ApplicationFilterChain.java:140)
	at org.apache.tomcat.websocket.server.WsFilter.doFilter(WsFilter.java:51)
	at org.apache.catalina.core.ApplicationFilterChain.internalDoFilter(ApplicationFilterChain.java:164)
	at org.apache.catalina.core.ApplicationFilterChain.doFilter(ApplicationFilterChain.java:140)
	at org.delivery.api.filter.LoggerFilter.doFilter(LoggerFilter.java:27)
	at org.apache.catalina.core.ApplicationFilterChain.internalDoFilter(ApplicationFilterChain.java:164)
	at org.apache.catalina.core.ApplicationFilterChain.doFilter(ApplicationFilterChain.java:140)
	at org.springframework.web.filter.RequestContextFilter.doFilterInternal(RequestContextFilter.java:100)
	at org.springframework.web.filter.OncePerRequestFilter.doFilter(OncePerRequestFilter.java:116)
	at org.apache.catalina.core.ApplicationFilterChain.internalDoFilter(ApplicationFilterChain.java:164)
	at org.apache.catalina.core.ApplicationFilterChain.doFilter(ApplicationFilterChain.java:140)
	at org.springframework.web.filter.FormContentFilter.doFilterInternal(FormContentFilter.java:93)
	at org.springframework.web.filter.OncePerRequestFilter.doFilter(OncePerRequestFilter.java:116)
	at org.apache.catalina.core.ApplicationFilterChain.internalDoFilter(ApplicationFilterChain.java:164)
	at org.apache.catalina.core.ApplicationFilterChain.doFilter(ApplicationFilterChain.java:140)
	at org.springframework.web.filter.ServerHttpObservationFilter.doFilterInternal(ServerHttpObservationFilter.java:109)
	at org.springframework.web.filter.OncePerRequestFilter.doFilter(OncePerRequestFilter.java:116)
	at org.apache.catalina.core.ApplicationFilterChain.internalDoFilter(ApplicationFilterChain.java:164)
	at org.apache.catalina.core.ApplicationFilterChain.doFilter(ApplicationFilterChain.java:140)
	at org.springframework.web.filter.CharacterEncodingFilter.doFilterInternal(CharacterEncodingFilter.java:201)
	at org.springframework.web.filter.OncePerRequestFilter.doFilter(OncePerRequestFilter.java:116)
	at org.apache.catalina.core.ApplicationFilterChain.internalDoFilter(ApplicationFilterChain.java:164)
	at org.apache.catalina.core.ApplicationFilterChain.doFilter(ApplicationFilterChain.java:140)
	at org.apache.catalina.core.StandardWrapperValve.invoke(StandardWrapperValve.java:167)
	at org.apache.catalina.core.StandardContextValve.invoke(StandardContextValve.java:90)
	at org.apache.catalina.authenticator.AuthenticatorBase.invoke(AuthenticatorBase.java:482)
	at org.apache.catalina.core.StandardHostValve.invoke(StandardHostValve.java:115)
	at org.apache.catalina.valves.ErrorReportValve.invoke(ErrorReportValve.java:93)
	at org.apache.catalina.core.StandardEngineValve.invoke(StandardEngineValve.java:74)
	at org.apache.catalina.connector.CoyoteAdapter.service(CoyoteAdapter.java:344)
	at org.apache.coyote.http11.Http11Processor.service(Http11Processor.java:389)
	at org.apache.coyote.AbstractProcessorLight.process(AbstractProcessorLight.java:63)
	at org.apache.coyote.AbstractProtocol$ConnectionHandler.process(AbstractProtocol.java:896)
	at org.apache.tomcat.util.net.NioEndpoint$SocketProcessor.doRun(NioEndpoint.java:1741)
	at org.apache.tomcat.util.net.SocketProcessorBase.run(SocketProcessorBase.java:52)
	at org.apache.tomcat.util.threads.ThreadPoolExecutor.runWorker(ThreadPoolExecutor.java:1190)
	at org.apache.tomcat.util.threads.ThreadPoolExecutor$Worker.run(ThreadPoolExecutor.java:659)
	at org.apache.tomcat.util.threads.TaskThread$WrappingRunnable.run(TaskThread.java:63)
	at java.base/java.lang.Thread.run(Thread.java:1583)
00:42:57.784 [http-nio-8080-exec-2] INFO  o.delivery.api.filter.LoggerFilter [org.delivery.api.filter.LoggerFilter] [doFilter] [40] >>>>> uri : /favicon.ico , method : GET , header : [host : localhost:8080] [connection : keep-alive] [sec-ch-ua-platform : "macOS"] [user-agent : Mozilla/5.0 (Macintosh; Intel Mac OS X 10_15_7) AppleWebKit/537.36 (KHTML, like Gecko) Chrome/134.0.0.0 Safari/537.36] [sec-ch-ua : "Chromium";v="134", "Not:A-Brand";v="24", "Google Chrome";v="134"] [sec-ch-ua-mobile : ?0] [accept : image/avif,image/webp,image/apng,image/svg+xml,image/*,*/*;q=0.8] [sec-fetch-site : same-origin] [sec-fetch-mode : no-cors] [sec-fetch-dest : image] [referer : http://localhost:8080/actuator/prometheus] [accept-encoding : gzip, deflate, br, zstd] [accept-language : ko-KR,ko;q=0.9,en-US;q=0.8,en;q=0.7] [cookie : Idea-d9adfdbe=99fa2d10-3e7c-4a11-9312-ce76dd752ed5; sid=Fe26.2**d0e8129367d07f98cb59a479283297063a0fdfff9d094ff2ba37e049315bc16d*MS04X7CQzVgQTGUyX5aTaQ*ilvHXxa4IN5jBGnZhqIsPUNAZjE9gIW7ojy93gSjiVrY9XBRiOGrrzft_24NhO3EDRzl-8DN0wMoY0WDezmEj7qWQMTh1eNW8VfVp6G6dtKdPc225u4VqDb4U-VepivcS0Z714Tr7pP5qX82yNOHjHr5zfL2keUoYzDpd2zPFQfyo8Fhv10NmFfhwuOBXpTuZWUM5kkNYbMqL-60c0hYQZavaUOWNYwCW9U50Opeq5A**4b1893706da1364a021fc1deed514f971bd5169e5ba19d2d8b8d7a3ea0faf8ca*KZOmJoAtdzW48JfUGP5EeQklCq7-56KI-A0KDvD1eo0; m=59b9:true; JSESSIONID=1DE1DFA0E2FE4163B441B6B356049781; grafana_session=abd99c80aa6fb68f82b7a43453b1d000; grafana_session_expiry=1742140254] [authorization-token : eyJhbGciOiJIUzI1NiJ9.eyJ1c2VySWQiOjIsImV4cCI6MTc0MTc4MTU3M30.4WGkV945X3kA2VekhoKblh91IaVlt3UdA_Hhlb_A5kc]  , body :  
00:43:14.441 [http-nio-8080-exec-4] INFO  o.delivery.api.filter.LoggerFilter [org.delivery.api.filter.LoggerFilter] [doFilter] [25] INIT URI : /actuator/prometheus 
00:43:14.453 [http-nio-8080-exec-4] INFO  o.delivery.api.filter.LoggerFilter [org.delivery.api.filter.LoggerFilter] [doFilter] [40] >>>>> uri : /actuator/prometheus , method : GET , header : [host : localhost:8080] [connection : keep-alive] [sec-ch-ua : "Chromium";v="134", "Not:A-Brand";v="24", "Google Chrome";v="134"] [sec-ch-ua-mobile : ?0] [sec-ch-ua-platform : "macOS"] [upgrade-insecure-requests : 1] [user-agent : Mozilla/5.0 (Macintosh; Intel Mac OS X 10_15_7) AppleWebKit/537.36 (KHTML, like Gecko) Chrome/134.0.0.0 Safari/537.36] [accept : text/html,application/xhtml+xml,application/xml;q=0.9,image/avif,image/webp,image/apng,*/*;q=0.8,application/signed-exchange;v=b3;q=0.7] [sec-fetch-site : none] [sec-fetch-mode : navigate] [sec-fetch-user : ?1] [sec-fetch-dest : document] [accept-encoding : gzip, deflate, br, zstd] [accept-language : ko-KR,ko;q=0.9,en-US;q=0.8,en;q=0.7] [cookie : Idea-d9adfdbe=99fa2d10-3e7c-4a11-9312-ce76dd752ed5; sid=Fe26.2**d0e8129367d07f98cb59a479283297063a0fdfff9d094ff2ba37e049315bc16d*MS04X7CQzVgQTGUyX5aTaQ*ilvHXxa4IN5jBGnZhqIsPUNAZjE9gIW7ojy93gSjiVrY9XBRiOGrrzft_24NhO3EDRzl-8DN0wMoY0WDezmEj7qWQMTh1eNW8VfVp6G6dtKdPc225u4VqDb4U-VepivcS0Z714Tr7pP5qX82yNOHjHr5zfL2keUoYzDpd2zPFQfyo8Fhv10NmFfhwuOBXpTuZWUM5kkNYbMqL-60c0hYQZavaUOWNYwCW9U50Opeq5A**4b1893706da1364a021fc1deed514f971bd5169e5ba19d2d8b8d7a3ea0faf8ca*KZOmJoAtdzW48JfUGP5EeQklCq7-56KI-A0KDvD1eo0; m=59b9:true; JSESSIONID=1DE1DFA0E2FE4163B441B6B356049781; grafana_session=abd99c80aa6fb68f82b7a43453b1d000; grafana_session_expiry=1742140254] [authorization-token : eyJhbGciOiJIUzI1NiJ9.eyJ1c2VySWQiOjIsImV4cCI6MTc0MTc4MTU3M30.4WGkV945X3kA2VekhoKblh91IaVlt3UdA_Hhlb_A5kc]  , body :  
00:43:14.495 [http-nio-8080-exec-5] INFO  o.delivery.api.filter.LoggerFilter [org.delivery.api.filter.LoggerFilter] [doFilter] [25] INIT URI : /favicon.ico 
00:43:14.497 [http-nio-8080-exec-5] INFO  o.d.a.i.AuthorizationInterceptor [org.delivery.api.interceptor.AuthorizationInterceptor] [preHandle] [29] Authorization Interceptor url : /favicon.ico 
00:43:14.498 [http-nio-8080-exec-5] ERROR o.d.a.e.GlobalExceptionHandler [org.delivery.api.exceptionHandler.GlobalExceptionHandler] [exception] [20]  
org.springframework.web.servlet.resource.NoResourceFoundException: No static resource favicon.ico.
	at org.springframework.web.servlet.resource.ResourceHttpRequestHandler.handleRequest(ResourceHttpRequestHandler.java:585)
	at org.springframework.web.servlet.mvc.HttpRequestHandlerAdapter.handle(HttpRequestHandlerAdapter.java:52)
	at org.springframework.web.servlet.DispatcherServlet.doDispatch(DispatcherServlet.java:1089)
	at org.springframework.web.servlet.DispatcherServlet.doService(DispatcherServlet.java:979)
	at org.springframework.web.servlet.FrameworkServlet.processRequest(FrameworkServlet.java:1014)
	at org.springframework.web.servlet.FrameworkServlet.doGet(FrameworkServlet.java:903)
	at jakarta.servlet.http.HttpServlet.service(HttpServlet.java:564)
	at org.springframework.web.servlet.FrameworkServlet.service(FrameworkServlet.java:885)
	at jakarta.servlet.http.HttpServlet.service(HttpServlet.java:658)
	at org.apache.catalina.core.ApplicationFilterChain.internalDoFilter(ApplicationFilterChain.java:195)
	at org.apache.catalina.core.ApplicationFilterChain.doFilter(ApplicationFilterChain.java:140)
	at org.apache.tomcat.websocket.server.WsFilter.doFilter(WsFilter.java:51)
	at org.apache.catalina.core.ApplicationFilterChain.internalDoFilter(ApplicationFilterChain.java:164)
	at org.apache.catalina.core.ApplicationFilterChain.doFilter(ApplicationFilterChain.java:140)
	at org.delivery.api.filter.LoggerFilter.doFilter(LoggerFilter.java:27)
	at org.apache.catalina.core.ApplicationFilterChain.internalDoFilter(ApplicationFilterChain.java:164)
	at org.apache.catalina.core.ApplicationFilterChain.doFilter(ApplicationFilterChain.java:140)
	at org.springframework.web.filter.RequestContextFilter.doFilterInternal(RequestContextFilter.java:100)
	at org.springframework.web.filter.OncePerRequestFilter.doFilter(OncePerRequestFilter.java:116)
	at org.apache.catalina.core.ApplicationFilterChain.internalDoFilter(ApplicationFilterChain.java:164)
	at org.apache.catalina.core.ApplicationFilterChain.doFilter(ApplicationFilterChain.java:140)
	at org.springframework.web.filter.FormContentFilter.doFilterInternal(FormContentFilter.java:93)
	at org.springframework.web.filter.OncePerRequestFilter.doFilter(OncePerRequestFilter.java:116)
	at org.apache.catalina.core.ApplicationFilterChain.internalDoFilter(ApplicationFilterChain.java:164)
	at org.apache.catalina.core.ApplicationFilterChain.doFilter(ApplicationFilterChain.java:140)
	at org.springframework.web.filter.ServerHttpObservationFilter.doFilterInternal(ServerHttpObservationFilter.java:109)
	at org.springframework.web.filter.OncePerRequestFilter.doFilter(OncePerRequestFilter.java:116)
	at org.apache.catalina.core.ApplicationFilterChain.internalDoFilter(ApplicationFilterChain.java:164)
	at org.apache.catalina.core.ApplicationFilterChain.doFilter(ApplicationFilterChain.java:140)
	at org.springframework.web.filter.CharacterEncodingFilter.doFilterInternal(CharacterEncodingFilter.java:201)
	at org.springframework.web.filter.OncePerRequestFilter.doFilter(OncePerRequestFilter.java:116)
	at org.apache.catalina.core.ApplicationFilterChain.internalDoFilter(ApplicationFilterChain.java:164)
	at org.apache.catalina.core.ApplicationFilterChain.doFilter(ApplicationFilterChain.java:140)
	at org.apache.catalina.core.StandardWrapperValve.invoke(StandardWrapperValve.java:167)
	at org.apache.catalina.core.StandardContextValve.invoke(StandardContextValve.java:90)
	at org.apache.catalina.authenticator.AuthenticatorBase.invoke(AuthenticatorBase.java:482)
	at org.apache.catalina.core.StandardHostValve.invoke(StandardHostValve.java:115)
	at org.apache.catalina.valves.ErrorReportValve.invoke(ErrorReportValve.java:93)
	at org.apache.catalina.core.StandardEngineValve.invoke(StandardEngineValve.java:74)
	at org.apache.catalina.connector.CoyoteAdapter.service(CoyoteAdapter.java:344)
	at org.apache.coyote.http11.Http11Processor.service(Http11Processor.java:389)
	at org.apache.coyote.AbstractProcessorLight.process(AbstractProcessorLight.java:63)
	at org.apache.coyote.AbstractProtocol$ConnectionHandler.process(AbstractProtocol.java:896)
	at org.apache.tomcat.util.net.NioEndpoint$SocketProcessor.doRun(NioEndpoint.java:1741)
	at org.apache.tomcat.util.net.SocketProcessorBase.run(SocketProcessorBase.java:52)
	at org.apache.tomcat.util.threads.ThreadPoolExecutor.runWorker(ThreadPoolExecutor.java:1190)
	at org.apache.tomcat.util.threads.ThreadPoolExecutor$Worker.run(ThreadPoolExecutor.java:659)
	at org.apache.tomcat.util.threads.TaskThread$WrappingRunnable.run(TaskThread.java:63)
	at java.base/java.lang.Thread.run(Thread.java:1583)
00:43:14.500 [http-nio-8080-exec-5] INFO  o.delivery.api.filter.LoggerFilter [org.delivery.api.filter.LoggerFilter] [doFilter] [40] >>>>> uri : /favicon.ico , method : GET , header : [host : localhost:8080] [connection : keep-alive] [sec-ch-ua-platform : "macOS"] [user-agent : Mozilla/5.0 (Macintosh; Intel Mac OS X 10_15_7) AppleWebKit/537.36 (KHTML, like Gecko) Chrome/134.0.0.0 Safari/537.36] [sec-ch-ua : "Chromium";v="134", "Not:A-Brand";v="24", "Google Chrome";v="134"] [sec-ch-ua-mobile : ?0] [accept : image/avif,image/webp,image/apng,image/svg+xml,image/*,*/*;q=0.8] [sec-fetch-site : same-origin] [sec-fetch-mode : no-cors] [sec-fetch-dest : image] [referer : http://localhost:8080/actuator/prometheus] [accept-encoding : gzip, deflate, br, zstd] [accept-language : ko-KR,ko;q=0.9,en-US;q=0.8,en;q=0.7] [cookie : Idea-d9adfdbe=99fa2d10-3e7c-4a11-9312-ce76dd752ed5; sid=Fe26.2**d0e8129367d07f98cb59a479283297063a0fdfff9d094ff2ba37e049315bc16d*MS04X7CQzVgQTGUyX5aTaQ*ilvHXxa4IN5jBGnZhqIsPUNAZjE9gIW7ojy93gSjiVrY9XBRiOGrrzft_24NhO3EDRzl-8DN0wMoY0WDezmEj7qWQMTh1eNW8VfVp6G6dtKdPc225u4VqDb4U-VepivcS0Z714Tr7pP5qX82yNOHjHr5zfL2keUoYzDpd2zPFQfyo8Fhv10NmFfhwuOBXpTuZWUM5kkNYbMqL-60c0hYQZavaUOWNYwCW9U50Opeq5A**4b1893706da1364a021fc1deed514f971bd5169e5ba19d2d8b8d7a3ea0faf8ca*KZOmJoAtdzW48JfUGP5EeQklCq7-56KI-A0KDvD1eo0; m=59b9:true; JSESSIONID=1DE1DFA0E2FE4163B441B6B356049781; grafana_session=abd99c80aa6fb68f82b7a43453b1d000; grafana_session_expiry=1742140254] [authorization-token : eyJhbGciOiJIUzI1NiJ9.eyJ1c2VySWQiOjIsImV4cCI6MTc0MTc4MTU3M30.4WGkV945X3kA2VekhoKblh91IaVlt3UdA_Hhlb_A5kc]  , body :  
00:43:15.425 [http-nio-8080-exec-6] INFO  o.delivery.api.filter.LoggerFilter [org.delivery.api.filter.LoggerFilter] [doFilter] [25] INIT URI : /actuator/prometheus 
00:43:15.437 [http-nio-8080-exec-6] INFO  o.delivery.api.filter.LoggerFilter [org.delivery.api.filter.LoggerFilter] [doFilter] [40] >>>>> uri : /actuator/prometheus , method : GET , header : [host : localhost:8080] [connection : keep-alive] [sec-ch-ua : "Chromium";v="134", "Not:A-Brand";v="24", "Google Chrome";v="134"] [sec-ch-ua-mobile : ?0] [sec-ch-ua-platform : "macOS"] [upgrade-insecure-requests : 1] [user-agent : Mozilla/5.0 (Macintosh; Intel Mac OS X 10_15_7) AppleWebKit/537.36 (KHTML, like Gecko) Chrome/134.0.0.0 Safari/537.36] [accept : text/html,application/xhtml+xml,application/xml;q=0.9,image/avif,image/webp,image/apng,*/*;q=0.8,application/signed-exchange;v=b3;q=0.7] [sec-fetch-site : none] [sec-fetch-mode : navigate] [sec-fetch-user : ?1] [sec-fetch-dest : document] [accept-encoding : gzip, deflate, br, zstd] [accept-language : ko-KR,ko;q=0.9,en-US;q=0.8,en;q=0.7] [cookie : Idea-d9adfdbe=99fa2d10-3e7c-4a11-9312-ce76dd752ed5; sid=Fe26.2**d0e8129367d07f98cb59a479283297063a0fdfff9d094ff2ba37e049315bc16d*MS04X7CQzVgQTGUyX5aTaQ*ilvHXxa4IN5jBGnZhqIsPUNAZjE9gIW7ojy93gSjiVrY9XBRiOGrrzft_24NhO3EDRzl-8DN0wMoY0WDezmEj7qWQMTh1eNW8VfVp6G6dtKdPc225u4VqDb4U-VepivcS0Z714Tr7pP5qX82yNOHjHr5zfL2keUoYzDpd2zPFQfyo8Fhv10NmFfhwuOBXpTuZWUM5kkNYbMqL-60c0hYQZavaUOWNYwCW9U50Opeq5A**4b1893706da1364a021fc1deed514f971bd5169e5ba19d2d8b8d7a3ea0faf8ca*KZOmJoAtdzW48JfUGP5EeQklCq7-56KI-A0KDvD1eo0; m=59b9:true; JSESSIONID=1DE1DFA0E2FE4163B441B6B356049781; grafana_session=abd99c80aa6fb68f82b7a43453b1d000; grafana_session_expiry=1742140254] [authorization-token : eyJhbGciOiJIUzI1NiJ9.eyJ1c2VySWQiOjIsImV4cCI6MTc0MTc4MTU3M30.4WGkV945X3kA2VekhoKblh91IaVlt3UdA_Hhlb_A5kc]  , body :  
00:43:15.455 [http-nio-8080-exec-7] INFO  o.delivery.api.filter.LoggerFilter [org.delivery.api.filter.LoggerFilter] [doFilter] [25] INIT URI : /favicon.ico 
00:43:15.457 [http-nio-8080-exec-7] INFO  o.d.a.i.AuthorizationInterceptor [org.delivery.api.interceptor.AuthorizationInterceptor] [preHandle] [29] Authorization Interceptor url : /favicon.ico 
00:43:15.459 [http-nio-8080-exec-7] ERROR o.d.a.e.GlobalExceptionHandler [org.delivery.api.exceptionHandler.GlobalExceptionHandler] [exception] [20]  
org.springframework.web.servlet.resource.NoResourceFoundException: No static resource favicon.ico.
	at org.springframework.web.servlet.resource.ResourceHttpRequestHandler.handleRequest(ResourceHttpRequestHandler.java:585)
	at org.springframework.web.servlet.mvc.HttpRequestHandlerAdapter.handle(HttpRequestHandlerAdapter.java:52)
	at org.springframework.web.servlet.DispatcherServlet.doDispatch(DispatcherServlet.java:1089)
	at org.springframework.web.servlet.DispatcherServlet.doService(DispatcherServlet.java:979)
	at org.springframework.web.servlet.FrameworkServlet.processRequest(FrameworkServlet.java:1014)
	at org.springframework.web.servlet.FrameworkServlet.doGet(FrameworkServlet.java:903)
	at jakarta.servlet.http.HttpServlet.service(HttpServlet.java:564)
	at org.springframework.web.servlet.FrameworkServlet.service(FrameworkServlet.java:885)
	at jakarta.servlet.http.HttpServlet.service(HttpServlet.java:658)
	at org.apache.catalina.core.ApplicationFilterChain.internalDoFilter(ApplicationFilterChain.java:195)
	at org.apache.catalina.core.ApplicationFilterChain.doFilter(ApplicationFilterChain.java:140)
	at org.apache.tomcat.websocket.server.WsFilter.doFilter(WsFilter.java:51)
	at org.apache.catalina.core.ApplicationFilterChain.internalDoFilter(ApplicationFilterChain.java:164)
	at org.apache.catalina.core.ApplicationFilterChain.doFilter(ApplicationFilterChain.java:140)
	at org.delivery.api.filter.LoggerFilter.doFilter(LoggerFilter.java:27)
	at org.apache.catalina.core.ApplicationFilterChain.internalDoFilter(ApplicationFilterChain.java:164)
	at org.apache.catalina.core.ApplicationFilterChain.doFilter(ApplicationFilterChain.java:140)
	at org.springframework.web.filter.RequestContextFilter.doFilterInternal(RequestContextFilter.java:100)
	at org.springframework.web.filter.OncePerRequestFilter.doFilter(OncePerRequestFilter.java:116)
	at org.apache.catalina.core.ApplicationFilterChain.internalDoFilter(ApplicationFilterChain.java:164)
	at org.apache.catalina.core.ApplicationFilterChain.doFilter(ApplicationFilterChain.java:140)
	at org.springframework.web.filter.FormContentFilter.doFilterInternal(FormContentFilter.java:93)
	at org.springframework.web.filter.OncePerRequestFilter.doFilter(OncePerRequestFilter.java:116)
	at org.apache.catalina.core.ApplicationFilterChain.internalDoFilter(ApplicationFilterChain.java:164)
	at org.apache.catalina.core.ApplicationFilterChain.doFilter(ApplicationFilterChain.java:140)
	at org.springframework.web.filter.ServerHttpObservationFilter.doFilterInternal(ServerHttpObservationFilter.java:109)
	at org.springframework.web.filter.OncePerRequestFilter.doFilter(OncePerRequestFilter.java:116)
	at org.apache.catalina.core.ApplicationFilterChain.internalDoFilter(ApplicationFilterChain.java:164)
	at org.apache.catalina.core.ApplicationFilterChain.doFilter(ApplicationFilterChain.java:140)
	at org.springframework.web.filter.CharacterEncodingFilter.doFilterInternal(CharacterEncodingFilter.java:201)
	at org.springframework.web.filter.OncePerRequestFilter.doFilter(OncePerRequestFilter.java:116)
	at org.apache.catalina.core.ApplicationFilterChain.internalDoFilter(ApplicationFilterChain.java:164)
	at org.apache.catalina.core.ApplicationFilterChain.doFilter(ApplicationFilterChain.java:140)
	at org.apache.catalina.core.StandardWrapperValve.invoke(StandardWrapperValve.java:167)
	at org.apache.catalina.core.StandardContextValve.invoke(StandardContextValve.java:90)
	at org.apache.catalina.authenticator.AuthenticatorBase.invoke(AuthenticatorBase.java:482)
	at org.apache.catalina.core.StandardHostValve.invoke(StandardHostValve.java:115)
	at org.apache.catalina.valves.ErrorReportValve.invoke(ErrorReportValve.java:93)
	at org.apache.catalina.core.StandardEngineValve.invoke(StandardEngineValve.java:74)
	at org.apache.catalina.connector.CoyoteAdapter.service(CoyoteAdapter.java:344)
	at org.apache.coyote.http11.Http11Processor.service(Http11Processor.java:389)
	at org.apache.coyote.AbstractProcessorLight.process(AbstractProcessorLight.java:63)
	at org.apache.coyote.AbstractProtocol$ConnectionHandler.process(AbstractProtocol.java:896)
	at org.apache.tomcat.util.net.NioEndpoint$SocketProcessor.doRun(NioEndpoint.java:1741)
	at org.apache.tomcat.util.net.SocketProcessorBase.run(SocketProcessorBase.java:52)
	at org.apache.tomcat.util.threads.ThreadPoolExecutor.runWorker(ThreadPoolExecutor.java:1190)
	at org.apache.tomcat.util.threads.ThreadPoolExecutor$Worker.run(ThreadPoolExecutor.java:659)
	at org.apache.tomcat.util.threads.TaskThread$WrappingRunnable.run(TaskThread.java:63)
	at java.base/java.lang.Thread.run(Thread.java:1583)
00:43:15.461 [http-nio-8080-exec-7] INFO  o.delivery.api.filter.LoggerFilter [org.delivery.api.filter.LoggerFilter] [doFilter] [40] >>>>> uri : /favicon.ico , method : GET , header : [host : localhost:8080] [connection : keep-alive] [sec-ch-ua-platform : "macOS"] [user-agent : Mozilla/5.0 (Macintosh; Intel Mac OS X 10_15_7) AppleWebKit/537.36 (KHTML, like Gecko) Chrome/134.0.0.0 Safari/537.36] [sec-ch-ua : "Chromium";v="134", "Not:A-Brand";v="24", "Google Chrome";v="134"] [sec-ch-ua-mobile : ?0] [accept : image/avif,image/webp,image/apng,image/svg+xml,image/*,*/*;q=0.8] [sec-fetch-site : same-origin] [sec-fetch-mode : no-cors] [sec-fetch-dest : image] [referer : http://localhost:8080/actuator/prometheus] [accept-encoding : gzip, deflate, br, zstd] [accept-language : ko-KR,ko;q=0.9,en-US;q=0.8,en;q=0.7] [cookie : Idea-d9adfdbe=99fa2d10-3e7c-4a11-9312-ce76dd752ed5; sid=Fe26.2**d0e8129367d07f98cb59a479283297063a0fdfff9d094ff2ba37e049315bc16d*MS04X7CQzVgQTGUyX5aTaQ*ilvHXxa4IN5jBGnZhqIsPUNAZjE9gIW7ojy93gSjiVrY9XBRiOGrrzft_24NhO3EDRzl-8DN0wMoY0WDezmEj7qWQMTh1eNW8VfVp6G6dtKdPc225u4VqDb4U-VepivcS0Z714Tr7pP5qX82yNOHjHr5zfL2keUoYzDpd2zPFQfyo8Fhv10NmFfhwuOBXpTuZWUM5kkNYbMqL-60c0hYQZavaUOWNYwCW9U50Opeq5A**4b1893706da1364a021fc1deed514f971bd5169e5ba19d2d8b8d7a3ea0faf8ca*KZOmJoAtdzW48JfUGP5EeQklCq7-56KI-A0KDvD1eo0; m=59b9:true; JSESSIONID=1DE1DFA0E2FE4163B441B6B356049781; grafana_session=abd99c80aa6fb68f82b7a43453b1d000; grafana_session_expiry=1742140254] [authorization-token : eyJhbGciOiJIUzI1NiJ9.eyJ1c2VySWQiOjIsImV4cCI6MTc0MTc4MTU3M30.4WGkV945X3kA2VekhoKblh91IaVlt3UdA_Hhlb_A5kc]  , body :  
00:43:16.339 [http-nio-8080-exec-8] INFO  o.delivery.api.filter.LoggerFilter [org.delivery.api.filter.LoggerFilter] [doFilter] [25] INIT URI : /actuator/prometheus 
00:43:16.350 [http-nio-8080-exec-8] INFO  o.delivery.api.filter.LoggerFilter [org.delivery.api.filter.LoggerFilter] [doFilter] [40] >>>>> uri : /actuator/prometheus , method : GET , header : [host : localhost:8080] [connection : keep-alive] [sec-ch-ua : "Chromium";v="134", "Not:A-Brand";v="24", "Google Chrome";v="134"] [sec-ch-ua-mobile : ?0] [sec-ch-ua-platform : "macOS"] [upgrade-insecure-requests : 1] [user-agent : Mozilla/5.0 (Macintosh; Intel Mac OS X 10_15_7) AppleWebKit/537.36 (KHTML, like Gecko) Chrome/134.0.0.0 Safari/537.36] [accept : text/html,application/xhtml+xml,application/xml;q=0.9,image/avif,image/webp,image/apng,*/*;q=0.8,application/signed-exchange;v=b3;q=0.7] [sec-fetch-site : none] [sec-fetch-mode : navigate] [sec-fetch-user : ?1] [sec-fetch-dest : document] [accept-encoding : gzip, deflate, br, zstd] [accept-language : ko-KR,ko;q=0.9,en-US;q=0.8,en;q=0.7] [cookie : Idea-d9adfdbe=99fa2d10-3e7c-4a11-9312-ce76dd752ed5; sid=Fe26.2**d0e8129367d07f98cb59a479283297063a0fdfff9d094ff2ba37e049315bc16d*MS04X7CQzVgQTGUyX5aTaQ*ilvHXxa4IN5jBGnZhqIsPUNAZjE9gIW7ojy93gSjiVrY9XBRiOGrrzft_24NhO3EDRzl-8DN0wMoY0WDezmEj7qWQMTh1eNW8VfVp6G6dtKdPc225u4VqDb4U-VepivcS0Z714Tr7pP5qX82yNOHjHr5zfL2keUoYzDpd2zPFQfyo8Fhv10NmFfhwuOBXpTuZWUM5kkNYbMqL-60c0hYQZavaUOWNYwCW9U50Opeq5A**4b1893706da1364a021fc1deed514f971bd5169e5ba19d2d8b8d7a3ea0faf8ca*KZOmJoAtdzW48JfUGP5EeQklCq7-56KI-A0KDvD1eo0; m=59b9:true; JSESSIONID=1DE1DFA0E2FE4163B441B6B356049781; grafana_session=abd99c80aa6fb68f82b7a43453b1d000; grafana_session_expiry=1742140254] [authorization-token : eyJhbGciOiJIUzI1NiJ9.eyJ1c2VySWQiOjIsImV4cCI6MTc0MTc4MTU3M30.4WGkV945X3kA2VekhoKblh91IaVlt3UdA_Hhlb_A5kc]  , body :  
00:43:16.364 [http-nio-8080-exec-9] INFO  o.delivery.api.filter.LoggerFilter [org.delivery.api.filter.LoggerFilter] [doFilter] [25] INIT URI : /favicon.ico 
00:43:16.366 [http-nio-8080-exec-9] INFO  o.d.a.i.AuthorizationInterceptor [org.delivery.api.interceptor.AuthorizationInterceptor] [preHandle] [29] Authorization Interceptor url : /favicon.ico 
00:43:16.368 [http-nio-8080-exec-9] ERROR o.d.a.e.GlobalExceptionHandler [org.delivery.api.exceptionHandler.GlobalExceptionHandler] [exception] [20]  
org.springframework.web.servlet.resource.NoResourceFoundException: No static resource favicon.ico.
	at org.springframework.web.servlet.resource.ResourceHttpRequestHandler.handleRequest(ResourceHttpRequestHandler.java:585)
	at org.springframework.web.servlet.mvc.HttpRequestHandlerAdapter.handle(HttpRequestHandlerAdapter.java:52)
	at org.springframework.web.servlet.DispatcherServlet.doDispatch(DispatcherServlet.java:1089)
	at org.springframework.web.servlet.DispatcherServlet.doService(DispatcherServlet.java:979)
	at org.springframework.web.servlet.FrameworkServlet.processRequest(FrameworkServlet.java:1014)
	at org.springframework.web.servlet.FrameworkServlet.doGet(FrameworkServlet.java:903)
	at jakarta.servlet.http.HttpServlet.service(HttpServlet.java:564)
	at org.springframework.web.servlet.FrameworkServlet.service(FrameworkServlet.java:885)
	at jakarta.servlet.http.HttpServlet.service(HttpServlet.java:658)
	at org.apache.catalina.core.ApplicationFilterChain.internalDoFilter(ApplicationFilterChain.java:195)
	at org.apache.catalina.core.ApplicationFilterChain.doFilter(ApplicationFilterChain.java:140)
	at org.apache.tomcat.websocket.server.WsFilter.doFilter(WsFilter.java:51)
	at org.apache.catalina.core.ApplicationFilterChain.internalDoFilter(ApplicationFilterChain.java:164)
	at org.apache.catalina.core.ApplicationFilterChain.doFilter(ApplicationFilterChain.java:140)
	at org.delivery.api.filter.LoggerFilter.doFilter(LoggerFilter.java:27)
	at org.apache.catalina.core.ApplicationFilterChain.internalDoFilter(ApplicationFilterChain.java:164)
	at org.apache.catalina.core.ApplicationFilterChain.doFilter(ApplicationFilterChain.java:140)
	at org.springframework.web.filter.RequestContextFilter.doFilterInternal(RequestContextFilter.java:100)
	at org.springframework.web.filter.OncePerRequestFilter.doFilter(OncePerRequestFilter.java:116)
	at org.apache.catalina.core.ApplicationFilterChain.internalDoFilter(ApplicationFilterChain.java:164)
	at org.apache.catalina.core.ApplicationFilterChain.doFilter(ApplicationFilterChain.java:140)
	at org.springframework.web.filter.FormContentFilter.doFilterInternal(FormContentFilter.java:93)
	at org.springframework.web.filter.OncePerRequestFilter.doFilter(OncePerRequestFilter.java:116)
	at org.apache.catalina.core.ApplicationFilterChain.internalDoFilter(ApplicationFilterChain.java:164)
	at org.apache.catalina.core.ApplicationFilterChain.doFilter(ApplicationFilterChain.java:140)
	at org.springframework.web.filter.ServerHttpObservationFilter.doFilterInternal(ServerHttpObservationFilter.java:109)
	at org.springframework.web.filter.OncePerRequestFilter.doFilter(OncePerRequestFilter.java:116)
	at org.apache.catalina.core.ApplicationFilterChain.internalDoFilter(ApplicationFilterChain.java:164)
	at org.apache.catalina.core.ApplicationFilterChain.doFilter(ApplicationFilterChain.java:140)
	at org.springframework.web.filter.CharacterEncodingFilter.doFilterInternal(CharacterEncodingFilter.java:201)
	at org.springframework.web.filter.OncePerRequestFilter.doFilter(OncePerRequestFilter.java:116)
	at org.apache.catalina.core.ApplicationFilterChain.internalDoFilter(ApplicationFilterChain.java:164)
	at org.apache.catalina.core.ApplicationFilterChain.doFilter(ApplicationFilterChain.java:140)
	at org.apache.catalina.core.StandardWrapperValve.invoke(StandardWrapperValve.java:167)
	at org.apache.catalina.core.StandardContextValve.invoke(StandardContextValve.java:90)
	at org.apache.catalina.authenticator.AuthenticatorBase.invoke(AuthenticatorBase.java:482)
	at org.apache.catalina.core.StandardHostValve.invoke(StandardHostValve.java:115)
	at org.apache.catalina.valves.ErrorReportValve.invoke(ErrorReportValve.java:93)
	at org.apache.catalina.core.StandardEngineValve.invoke(StandardEngineValve.java:74)
	at org.apache.catalina.connector.CoyoteAdapter.service(CoyoteAdapter.java:344)
	at org.apache.coyote.http11.Http11Processor.service(Http11Processor.java:389)
	at org.apache.coyote.AbstractProcessorLight.process(AbstractProcessorLight.java:63)
	at org.apache.coyote.AbstractProtocol$ConnectionHandler.process(AbstractProtocol.java:896)
	at org.apache.tomcat.util.net.NioEndpoint$SocketProcessor.doRun(NioEndpoint.java:1741)
	at org.apache.tomcat.util.net.SocketProcessorBase.run(SocketProcessorBase.java:52)
	at org.apache.tomcat.util.threads.ThreadPoolExecutor.runWorker(ThreadPoolExecutor.java:1190)
	at org.apache.tomcat.util.threads.ThreadPoolExecutor$Worker.run(ThreadPoolExecutor.java:659)
	at org.apache.tomcat.util.threads.TaskThread$WrappingRunnable.run(TaskThread.java:63)
	at java.base/java.lang.Thread.run(Thread.java:1583)
00:43:16.370 [http-nio-8080-exec-9] INFO  o.delivery.api.filter.LoggerFilter [org.delivery.api.filter.LoggerFilter] [doFilter] [40] >>>>> uri : /favicon.ico , method : GET , header : [host : localhost:8080] [connection : keep-alive] [sec-ch-ua-platform : "macOS"] [user-agent : Mozilla/5.0 (Macintosh; Intel Mac OS X 10_15_7) AppleWebKit/537.36 (KHTML, like Gecko) Chrome/134.0.0.0 Safari/537.36] [sec-ch-ua : "Chromium";v="134", "Not:A-Brand";v="24", "Google Chrome";v="134"] [sec-ch-ua-mobile : ?0] [accept : image/avif,image/webp,image/apng,image/svg+xml,image/*,*/*;q=0.8] [sec-fetch-site : same-origin] [sec-fetch-mode : no-cors] [sec-fetch-dest : image] [referer : http://localhost:8080/actuator/prometheus] [accept-encoding : gzip, deflate, br, zstd] [accept-language : ko-KR,ko;q=0.9,en-US;q=0.8,en;q=0.7] [cookie : Idea-d9adfdbe=99fa2d10-3e7c-4a11-9312-ce76dd752ed5; sid=Fe26.2**d0e8129367d07f98cb59a479283297063a0fdfff9d094ff2ba37e049315bc16d*MS04X7CQzVgQTGUyX5aTaQ*ilvHXxa4IN5jBGnZhqIsPUNAZjE9gIW7ojy93gSjiVrY9XBRiOGrrzft_24NhO3EDRzl-8DN0wMoY0WDezmEj7qWQMTh1eNW8VfVp6G6dtKdPc225u4VqDb4U-VepivcS0Z714Tr7pP5qX82yNOHjHr5zfL2keUoYzDpd2zPFQfyo8Fhv10NmFfhwuOBXpTuZWUM5kkNYbMqL-60c0hYQZavaUOWNYwCW9U50Opeq5A**4b1893706da1364a021fc1deed514f971bd5169e5ba19d2d8b8d7a3ea0faf8ca*KZOmJoAtdzW48JfUGP5EeQklCq7-56KI-A0KDvD1eo0; m=59b9:true; JSESSIONID=1DE1DFA0E2FE4163B441B6B356049781; grafana_session=abd99c80aa6fb68f82b7a43453b1d000; grafana_session_expiry=1742140254] [authorization-token : eyJhbGciOiJIUzI1NiJ9.eyJ1c2VySWQiOjIsImV4cCI6MTc0MTc4MTU3M30.4WGkV945X3kA2VekhoKblh91IaVlt3UdA_Hhlb_A5kc]  , body :  
10:03:29.255 [HikariPool-1 housekeeper] WARN  com.zaxxer.hikari.pool.HikariPool [com.zaxxer.hikari.pool.HikariPool$HouseKeeper] [run] [797] HikariPool-1 - Thread starvation or clock leap detected (housekeeper delta=9h14m13s213ms). 
10:17:00.281 [HikariPool-1 housekeeper] WARN  com.zaxxer.hikari.pool.HikariPool [com.zaxxer.hikari.pool.HikariPool$HouseKeeper] [run] [797] HikariPool-1 - Thread starvation or clock leap detected (housekeeper delta=1m30s806ms). 
10:18:19.042 [HikariPool-1 housekeeper] WARN  com.zaxxer.hikari.pool.HikariPool [com.zaxxer.hikari.pool.HikariPool$HouseKeeper] [run] [797] HikariPool-1 - Thread starvation or clock leap detected (housekeeper delta=48s755ms). 
10:21:01.578 [HikariPool-1 housekeeper] WARN  com.zaxxer.hikari.pool.HikariPool [com.zaxxer.hikari.pool.HikariPool$HouseKeeper] [run] [797] HikariPool-1 - Thread starvation or clock leap detected (housekeeper delta=2m12s533ms). 
